Component: ARM Compiler 5.06 update 6 (build 750) Tool: armlink [4d35ed]

==============================================================================

Section Cross References

    startup_stm32g474xx.o(RESET) refers to startup_stm32g474xx.o(STACK) for __initial_sp
    startup_stm32g474xx.o(RESET) refers to startup_stm32g474xx.o(.text) for Reset_Handler
    startup_stm32g474xx.o(RESET) refers to stm32g4xx_it.o(i.NMI_Handler) for NMI_Handler
    startup_stm32g474xx.o(RESET) refers to stm32g4xx_it.o(i.HardFault_Handler) for HardFault_Handler
    startup_stm32g474xx.o(RESET) refers to stm32g4xx_it.o(i.MemManage_Handler) for MemManage_Handler
    startup_stm32g474xx.o(RESET) refers to stm32g4xx_it.o(i.BusFault_Handler) for BusFault_Handler
    startup_stm32g474xx.o(RESET) refers to stm32g4xx_it.o(i.UsageFault_Handler) for UsageFault_Handler
    startup_stm32g474xx.o(RESET) refers to port.o(.emb_text) for SVC_Handler
    startup_stm32g474xx.o(RESET) refers to stm32g4xx_it.o(i.DebugMon_Handler) for DebugMon_Handler
    startup_stm32g474xx.o(RESET) refers to stm32g4xx_it.o(i.SysTick_Handler) for SysTick_Handler
    startup_stm32g474xx.o(RESET) refers to stm32g4xx_it.o(i.USART2_IRQHandler) for USART2_IRQHandler
    startup_stm32g474xx.o(RESET) refers to stm32g4xx_it.o(i.HRTIM1_TIMD_IRQHandler) for HRTIM1_TIMD_IRQHandler
    startup_stm32g474xx.o(.text) refers to system_stm32g4xx.o(i.SystemInit) for SystemInit
    startup_stm32g474xx.o(.text) refers to entry.o(.ARM.Collect$$$$00000000) for __main
    main.o(i.SystemClock_Config) refers to memseta.o(.text) for __aeabi_memclr4
    main.o(i.SystemClock_Config) refers to stm32g4xx_hal_pwr_ex.o(i.HAL_PWREx_ControlVoltageScaling) for HAL_PWREx_ControlVoltageScaling
    main.o(i.SystemClock_Config) refers to stm32g4xx_hal_rcc.o(i.HAL_RCC_OscConfig) for HAL_RCC_OscConfig
    main.o(i.SystemClock_Config) refers to main.o(i.Error_Handler) for Error_Handler
    main.o(i.SystemClock_Config) refers to stm32g4xx_hal_rcc.o(i.HAL_RCC_ClockConfig) for HAL_RCC_ClockConfig
    main.o(i.main) refers to stm32g4xx_hal.o(i.HAL_Init) for HAL_Init
    main.o(i.main) refers to main.o(i.SystemClock_Config) for SystemClock_Config
    main.o(i.main) refers to gpio.o(i.MX_GPIO_Init) for MX_GPIO_Init
    main.o(i.main) refers to hrtim.o(i.MX_HRTIM1_Init) for MX_HRTIM1_Init
    main.o(i.main) refers to i2c.o(i.MX_I2C3_Init) for MX_I2C3_Init
    main.o(i.main) refers to usart.o(i.MX_USART2_UART_Init) for MX_USART2_UART_Init
    main.o(i.main) refers to stm32g4xx_hal_gpio.o(i.HAL_GPIO_WritePin) for HAL_GPIO_WritePin
    main.o(i.main) refers to stm32g4xx_hal_hrtim.o(i.HAL_HRTIM_WaveformCountStart) for HAL_HRTIM_WaveformCountStart
    main.o(i.main) refers to oled.o(i.OLED_Init) for OLED_Init
    main.o(i.main) refers to oled.o(i.OLED_Clear) for OLED_Clear
    main.o(i.main) refers to oled.o(i.OLED_Update) for OLED_Update
    main.o(i.main) refers to function.o(i.page_task) for page_task
    main.o(i.main) refers to stm32g4xx_hal_uart.o(i.HAL_UART_Receive_IT) for HAL_UART_Receive_IT
    main.o(i.main) refers to printfa.o(i.__0printf) for __2printf
    main.o(i.main) refers to stm32g4xx_hal_hrtim.o(i.HAL_HRTIM_WaveformOutputStart) for HAL_HRTIM_WaveformOutputStart
    main.o(i.main) refers to cmsis_os2.o(i.osKernelInitialize) for osKernelInitialize
    main.o(i.main) refers to app_freertos.o(i.MX_FREERTOS_Init) for MX_FREERTOS_Init
    main.o(i.main) refers to cmsis_os2.o(i.osKernelStart) for osKernelStart
    main.o(i.main) refers to hrtim.o(.bss) for hhrtim1
    main.o(i.main) refers to usart.o(.bss) for huart2
    gpio.o(i.MX_GPIO_Init) refers to memseta.o(.text) for __aeabi_memclr4
    gpio.o(i.MX_GPIO_Init) refers to stm32g4xx_hal_gpio.o(i.HAL_GPIO_WritePin) for HAL_GPIO_WritePin
    gpio.o(i.MX_GPIO_Init) refers to stm32g4xx_hal_gpio.o(i.HAL_GPIO_Init) for HAL_GPIO_Init
    app_freertos.o(i.MX_FREERTOS_Init) refers to queue.o(i.xQueueGenericCreate) for xQueueGenericCreate
    app_freertos.o(i.MX_FREERTOS_Init) refers to cmsis_os2.o(i.osMessageQueueNew) for osMessageQueueNew
    app_freertos.o(i.MX_FREERTOS_Init) refers to cmsis_os2.o(i.osThreadNew) for osThreadNew
    app_freertos.o(i.MX_FREERTOS_Init) refers to app_freertos.o(.data) for DataQueue
    app_freertos.o(i.MX_FREERTOS_Init) refers to app_freertos.o(.constdata) for myQueue01_attributes
    app_freertos.o(i.MX_FREERTOS_Init) refers to app_freertos.o(i.StartDefaultTask) for StartDefaultTask
    app_freertos.o(i.MX_FREERTOS_Init) refers to app_freertos.o(i.StartTask02) for StartTask02
    app_freertos.o(i.MX_FREERTOS_Init) refers to app_freertos.o(i.StartTask03) for StartTask03
    app_freertos.o(i.MX_FREERTOS_Init) refers to app_freertos.o(i.StartTask04) for StartTask04
    app_freertos.o(i.StartDefaultTask) refers to stm32g4xx_hal_gpio.o(i.HAL_GPIO_TogglePin) for HAL_GPIO_TogglePin
    app_freertos.o(i.StartDefaultTask) refers to cmsis_os2.o(i.osDelay) for osDelay
[...]
    i.vTaskMissedYield                       0x08006a8c   Section        0  tasks.o(i.vTaskMissedYield)
    i.vTaskPlaceOnEventList                  0x08006a98   Section        0  tasks.o(i.vTaskPlaceOnEventList)
    i.vTaskPlaceOnEventListRestricted        0x08006ad0   Section        0  tasks.o(i.vTaskPlaceOnEventListRestricted)
    i.vTaskStartScheduler                    0x08006b10   Section        0  tasks.o(i.vTaskStartScheduler)
    i.vTaskSuspendAll                        0x08006bc8   Section        0  tasks.o(i.vTaskSuspendAll)
    i.vTaskSwitchContext                     0x08006bd8   Section        0  tasks.o(i.vTaskSwitchContext)
    i.xPortStartScheduler                    0x08006c68   Section        0  port.o(i.xPortStartScheduler)
    i.xPortSysTickHandler                    0x08006dd0   Section        0  port.o(i.xPortSysTickHandler)
    i.xQueueGenericCreate                    0x08006e04   Section        0  queue.o(i.xQueueGenericCreate)
    i.xQueueGenericCreateStatic              0x08006e5e   Section        0  queue.o(i.xQueueGenericCreateStatic)
    i.xQueueGenericReset                     0x08006f40   Section        0  queue.o(i.xQueueGenericReset)
    i.xQueueGenericSend                      0x08006fd8   Section        0  queue.o(i.xQueueGenericSend)
    i.xQueueGenericSendFromISR               0x08007180   Section        0  queue.o(i.xQueueGenericSendFromISR)
    i.xQueueReceive                          0x0800727c   Section        0  queue.o(i.xQueueReceive)
    i.xTaskCheckForTimeOut                   0x080073e4   Section        0  tasks.o(i.xTaskCheckForTimeOut)
    i.xTaskCreate                            0x08007470   Section        0  tasks.o(i.xTaskCreate)
    i.xTaskCreateStatic                      0x080074d4   Section        0  tasks.o(i.xTaskCreateStatic)
    i.xTaskGetSchedulerState                 0x08007590   Section        0  tasks.o(i.xTaskGetSchedulerState)
    i.xTaskGetTickCount                      0x080075b0   Section        0  tasks.o(i.xTaskGetTickCount)
    i.xTaskIncrementTick                     0x080075bc   Section        0  tasks.o(i.xTaskIncrementTick)
    i.xTaskPriorityDisinherit                0x08007700   Section        0  tasks.o(i.xTaskPriorityDisinherit)
    i.xTaskRemoveFromEventList               0x080077a4   Section        0  tasks.o(i.xTaskRemoveFromEventList)
    i.xTaskResumeAll                         0x0800783c   Section        0  tasks.o(i.xTaskResumeAll)
    i.xTimerCreateTimerTask                  0x08007940   Section        0  timers.o(i.xTimerCreateTimerTask)
    i.xTimerGenericCommand                   0x080079b8   Section        0  timers.o(i.xTimerGenericCommand)
    .constdata                               0x08007a3c   Section      192  app_freertos.o(.constdata)
    .constdata                               0x08007afc   Section       24  stm32g4xx_hal_uart.o(.constdata)
    .constdata                               0x08007b14   Section       16  stm32g4xx_hal_uart_ex.o(.constdata)
    numerator                                0x08007b14   Data           8  stm32g4xx_hal_uart_ex.o(.constdata)
    denominator                              0x08007b1c   Data           8  stm32g4xx_hal_uart_ex.o(.constdata)
    .constdata                               0x08007b24   Section       24  system_stm32g4xx.o(.constdata)
    .constdata                               0x08007b3c   Section     3130  oled_data.o(.constdata)
    .conststring                             0x08008778   Section       81  app_freertos.o(.conststring)
    .data                                    0x20000000   Section       31  app_freertos.o(.data)
    duty_val                                 0x2000001c   Data           2  app_freertos.o(.data)
    cnt                                      0x2000001e   Data           1  app_freertos.o(.data)
    .data                                    0x20000020   Section       12  stm32g4xx_hal.o(.data)
    .data                                    0x2000002c   Section        4  system_stm32g4xx.o(.data)
    .data                                    0x20000030   Section       60  tasks.o(.data)
    pxDelayedTaskList                        0x20000034   Data           4  tasks.o(.data)
    pxOverflowDelayedTaskList                0x20000038   Data           4  tasks.o(.data)
    uxDeletedTasksWaitingCleanUp             0x2000003c   Data           4  tasks.o(.data)
    uxCurrentNumberOfTasks                   0x20000040   Data           4  tasks.o(.data)
    xTickCount                               0x20000044   Data           4  tasks.o(.data)
    uxTopReadyPriority                       0x20000048   Data           4  tasks.o(.data)
    xSchedulerRunning                        0x2000004c   Data           4  tasks.o(.data)
    xPendedTicks                             0x20000050   Data           4  tasks.o(.data)
    xYieldPending                            0x20000054   Data           4  tasks.o(.data)
    xNumOfOverflows                          0x20000058   Data           4  tasks.o(.data)
    uxTaskNumber                             0x2000005c   Data           4  tasks.o(.data)
    xNextTaskUnblockTime                     0x20000060   Data           4  tasks.o(.data)
    xIdleTaskHandle                          0x20000064   Data           4  tasks.o(.data)
    uxSchedulerSuspended                     0x20000068   Data           4  tasks.o(.data)
    .data                                    0x2000006c   Section       20  timers.o(.data)
    pxCurrentTimerList                       0x2000006c   Data           4  timers.o(.data)
    pxOverflowTimerList                      0x20000070   Data           4  timers.o(.data)
    xTimerQueue                              0x20000074   Data           4  timers.o(.data)
    xTimerTaskHandle                         0x20000078   Data           4  timers.o(.data)
    xLastTime                                0x2000007c   Data           4  timers.o(.data)
    .data                                    0x20000080   Section        4  cmsis_os2.o(.data)
    KernelState                              0x20000080   Data           4  cmsis_os2.o(.data)
    .data                                    0x20000084   Section       32  heap_4.o(.data)
    xStart                                   0x20000084   Data           8  heap_4.o(.data)
    pxEnd                                    0x2000008c   Data           4  heap_4.o(.data)
    xFreeBytesRemaining                      0x20000090   Data           4  heap_4.o(.data)
    xMinimumEverFreeBytesRemaining           0x20000094   Data           4  heap_4.o(.data)
    xNumberOfSuccessfulAllocations           0x20000098   Data           4  heap_4.o(.data)
    xNumberOfSuccessfulFrees                 0x2000009c   Data           4  heap_4.o(.data)
    xBlockAllocatedBit                       0x200000a0   Data           4  heap_4.o(.data)
    .data                                    0x200000a4   Section       12  port.o(.data)
    uxCriticalNesting                        0x200000a4   Data           4  port.o(.data)
    ucMaxSysCallPriority                     0x200000a8   Data           1  port.o(.data)
    ulMaxPRIGROUPValue                       0x200000ac   Data           4  port.o(.data)
    .data                                    0x200000b0   Section        4  stdout.o(.data)
    .data                                    0x200000b4   Section        4  mvars.o(.data)
    .data                                    0x200000b8   Section        4  mvars.o(.data)
    .bss                                     0x200000bc   Section      252  hrtim.o(.bss)
    .bss                                     0x200001b8   Section       76  i2c.o(.bss)
    .bss                                     0x20000204   Section      144  usart.o(.bss)
    .bss                                     0x20000294   Section     1024  oled.o(.bss)
    .bss                                     0x20000694   Section       64  queue.o(.bss)
    .bss                                     0x200006d4   Section     1220  tasks.o(.bss)
    pxReadyTasksLists                        0x200006d4   Data        1120  tasks.o(.bss)
    xDelayedTaskList1                        0x20000b34   Data          20  tasks.o(.bss)
    xDelayedTaskList2                        0x20000b48   Data          20  tasks.o(.bss)
    xPendingReadyList                        0x20000b5c   Data          20  tasks.o(.bss)
    xTasksWaitingTermination                 0x20000b70   Data          20  tasks.o(.bss)
    xSuspendedTaskList                       0x20000b84   Data          20  tasks.o(.bss)
    .bss                                     0x20000b98   Section      280  timers.o(.bss)
    xActiveTimerList1                        0x20000b98   Data          20  timers.o(.bss)
    xActiveTimerList2                        0x20000bac   Data          20  timers.o(.bss)
    xStaticTimerQueue                        0x20000bc0   Data          80  timers.o(.bss)
    ucStaticTimerQueueStorage                0x20000c10   Data         160  timers.o(.bss)
    .bss                                     0x20000cb0   Section     1720  cmsis_os2.o(.bss)
    Idle_TCB                                 0x20000cb0   Data          92  cmsis_os2.o(.bss)
    Idle_Stack                               0x20000d0c   Data         512  cmsis_os2.o(.bss)
    Timer_TCB                                0x20000f0c   Data          92  cmsis_os2.o(.bss)
    Timer_Stack                              0x20000f68   Data        1024  cmsis_os2.o(.bss)
    .bss                                     0x20001368   Section     3072  heap_4.o(.bss)
    ucHeap                                   0x20001368   Data        3072  heap_4.o(.bss)
    HEAP                                     0x20001f68   Section      512  startup_stm32g474xx.o(HEAP)
    STACK                                    0x20002168   Section     1024  startup_stm32g474xx.o(STACK)

    Global Symbols

    Symbol Name                              Value     Ov Type        Size  Object(Section)

    BuildAttributes$$THM_ISAv4$E$P$D$K$B$S$7EM$VFPi3$EXTD16$VFPS$VFMA$PE$A:L22UL41UL21$X:L11$S22US41US21$IEEE1$IW$USESV6$~STKCKD$USESV7$~SHL$OTIME$ROPI$IEEEX$EBA8$MICROLIB$REQ8$PRES8$EABIv2 0x00000000   Number         0  anon$$obj.o ABSOLUTE
    __ARM_use_no_argv                        0x00000000   Number         0  main.o ABSOLUTE
    _printf_a                                0x00000000   Number         0  stubs.o ABSOLUTE
    _printf_c                                0x00000000   Number         0  stubs.o ABSOLUTE
    _printf_charcount                        0x00000000   Number         0  stubs.o ABSOLUTE
    _printf_d                                0x00000000   Number         0  stubs.o ABSOLUTE
    _printf_e                                0x00000000   Number         0  stubs.o ABSOLUTE
    _printf_f                                0x00000000   Number         0  stubs.o ABSOLUTE
    _printf_flags                            0x00000000   Number         0  stubs.o ABSOLUTE
    _printf_fp_dec                           0x00000000   Number         0  stubs.o ABSOLUTE
    _printf_fp_hex                           0x00000000   Number         0  stubs.o ABSOLUTE
    _printf_g                                0x00000000   Number         0  stubs.o ABSOLUTE
    _printf_i                                0x00000000   Number         0  stubs.o ABSOLUTE
    _printf_int_dec                          0x00000000   Number         0  stubs.o ABSOLUTE
    _printf_l                                0x00000000   Number         0  stubs.o ABSOLUTE
    _printf_lc                               0x00000000   Number         0  stubs.o ABSOLUTE
    _printf_ll                               0x00000000   Number         0  stubs.o ABSOLUTE
    _printf_lld                              0x00000000   Number         0  stubs.o ABSOLUTE
    _printf_lli                              0x00000000   Number         0  stubs.o ABSOLUTE
    _printf_llo                              0x00000000   Number         0  stubs.o ABSOLUTE
    _printf_llu                              0x00000000   Number         0  stubs.o ABSOLUTE
    _printf_llx                              0x00000000   Number         0  stubs.o ABSOLUTE
    _printf_longlong_dec                     0x00000000   Number         0  stubs.o ABSOLUTE
    _printf_longlong_hex                     0x00000000   Number         0  stubs.o ABSOLUTE
    _printf_longlong_oct                     0x00000000   Number         0  stubs.o ABSOLUTE
    _printf_ls                               0x00000000   Number         0  stubs.o ABSOLUTE
    _printf_mbtowc                           0x00000000   Number         0  stubs.o ABSOLUTE
    _printf_n                                0x00000000   Number         0  stubs.o ABSOLUTE
    _printf_o                                0x00000000   Number         0  stubs.o ABSOLUTE
    _printf_p                                0x00000000   Number         0  stubs.o ABSOLUTE
    _printf_percent                          0x00000000   Number         0  stubs.o ABSOLUTE
    _printf_pre_padding                      0x00000000   Number         0  stubs.o ABSOLUTE
    _printf_return_value                     0x00000000   Number         0  stubs.o ABSOLUTE
    _printf_s                                0x00000000   Number         0  stubs.o ABSOLUTE
    _printf_sizespec                         0x00000000   Number         0  stubs.o ABSOLUTE
    _printf_str                              0x00000000   Number         0  stubs.o ABSOLUTE
    _printf_truncate_signed                  0x00000000   Number         0  stubs.o ABSOLUTE
    _printf_truncate_unsigned                0x00000000   Number         0  stubs.o ABSOLUTE
    _printf_u                                0x00000000   Number         0  stubs.o ABSOLUTE
    _printf_wc                               0x00000000   Number         0  stubs.o ABSOLUTE
    _printf_wctomb                           0x00000000   Number         0  stubs.o ABSOLUTE
    _printf_widthprec                        0x00000000   Number         0  stubs.o ABSOLUTE
    _printf_x                                0x00000000   Number         0  stubs.o ABSOLUTE
    __cpp_initialize__aeabi_                  - Undefined Weak Reference
    __cxa_finalize                            - Undefined Weak Reference
    __decompress                              - Undefined Weak Reference
    _clock_init                               - Undefined Weak Reference
    _microlib_exit                            - Undefined Weak Reference
    __Vectors_Size                           0x000001d8   Number         0  startup_stm32g474xx.o ABSOLUTE
    __Vectors                                0x08000000   Data           4  startup_stm32g474xx.o(RESET)
    __Vectors_End                            0x080001d8   Data           0  startup_stm32g474xx.o(RESET)
    __main                                   0x080001d9   Thumb Code     0  entry.o(.ARM.Collect$$$$00000000)
    _main_stk                                0x080001d9   Thumb Code     0  entry2.o(.ARM.Collect$$$$00000001)
    _main_scatterload                        0x080001dd   Thumb Code     0  entry5.o(.ARM.Collect$$$$00000004)
    __main_after_scatterload                 0x080001e1   Thumb Code     0  entry5.o(.ARM.Collect$$$$00000004)
    _main_clock                              0x080001e1   Thumb Code     0  entry7b.o(.ARM.Collect$$$$00000008)
    _main_cpp_init                           0x080001e1   Thumb Code     0  entry8b.o(.ARM.Collect$$$$0000000A)
    _main_init                               0x080001e1   Thumb Code     0  entry9a.o(.ARM.Collect$$$$0000000B)
    __rt_final_cpp                           0x080001e9   Thumb Code     0  entry10a.o(.ARM.Collect$$$$0000000D)
    __rt_final_exit                          0x080001e9   Thumb Code     0  entry11a.o(.ARM.Collect$$$$0000000F)
    SVC_Handler                              0x080001ed   Thumb Code    28  port.o(.emb_text)
    __asm___6_port_c_39a90d8d__prvStartFirstTask 0x0800020d   Thumb Code    36  port.o(.emb_text)
    __asm___6_port_c_39a90d8d__prvEnableVFP  0x08000235   Thumb Code    16  port.o(.emb_text)
    PendSV_Handler                           0x08000249   Thumb Code    88  port.o(.emb_text)
    vPortGetIPSR                             0x080002a5   Thumb Code     6  port.o(.emb_text)
    Reset_Handler                            0x080002ad   Thumb Code     8  startup_stm32g474xx.o(.text)
    ADC1_2_IRQHandler                        0x080002c7   Thumb Code     0  startup_stm32g474xx.o(.text)
    ADC3_IRQHandler                          0x080002c7   Thumb Code     0  startup_stm32g474xx.o(.text)
    ADC4_IRQHandler                          0x080002c7   Thumb Code     0  startup_stm32g474xx.o(.text)
    ADC5_IRQHandler                          0x080002c7   Thumb Code     0  startup_stm32g474xx.o(.text)
    COMP1_2_3_IRQHandler                     0x080002c7   Thumb Code     0  startup_stm32g474xx.o(.text)
    COMP4_5_6_IRQHandler                     0x080002c7   Thumb Code     0  startup_stm32g474xx.o(.text)
    COMP7_IRQHandler                         0x080002c7   Thumb Code     0  startup_stm32g474xx.o(.text)
    CORDIC_IRQHandler                        0x080002c7   Thumb Code     0  startup_stm32g474xx.o(.text)
    CRS_IRQHandler                           0x080002c7   Thumb Code     0  startup_stm32g474xx.o(.text)
    DMA1_Channel1_IRQHandler                 0x080002c7   Thumb Code     0  startup_stm32g474xx.o(.text)
    DMA1_Channel2_IRQHandler                 0x080002c7   Thumb Code     0  startup_stm32g474xx.o(.text)
    DMA1_Channel3_IRQHandler                 0x080002c7   Thumb Code     0  startup_stm32g474xx.o(.text)
    DMA1_Channel4_IRQHandler                 0x080002c7   Thumb Code     0  startup_stm32g474xx.o(.text)
    DMA1_Channel5_IRQHandler                 0x080002c7   Thumb Code     0  startup_stm32g474xx.o(.text)
    DMA1_Channel6_IRQHandler                 0x080002c7   Thumb Code     0  startup_stm32g474xx.o(.text)
    DMA1_Channel7_IRQHandler                 0x080002c7   Thumb Code     0  startup_stm32g474xx.o(.text)
    DMA1_Channel8_IRQHandler                 0x080002c7   Thumb Code     0  startup_stm32g474xx.o(.text)
    DMA2_Channel1_IRQHandler                 0x080002c7   Thumb Code     0  startup_stm32g474xx.o(.text)
    DMA2_Channel2_IRQHandler                 0x080002c7   Thumb Code     0  startup_stm32g474xx.o(.text)
    DMA2_Channel3_IRQHandler                 0x080002c7   Thumb Code     0  startup_stm32g474xx.o(.text)
    DMA2_Channel4_IRQHandler                 0x080002c7   Thumb Code     0  startup_stm32g474xx.o(.text)
    DMA2_Channel5_IRQHandler                 0x080002c7   Thumb Code     0  startup_stm32g474xx.o(.text)
    DMA2_Channel6_IRQHandler                 0x080002c7   Thumb Code     0  startup_stm32g474xx.o(.text)
    DMA2_Channel7_IRQHandler                 0x080002c7   Thumb Code     0  startup_stm32g474xx.o(.text)
    DMA2_Channel8_IRQHandler                 0x080002c7   Thumb Code     0  startup_stm32g474xx.o(.text)
    DMAMUX_OVR_IRQHandler                    0x080002c7   Thumb Code     0  startup_stm32g474xx.o(.text)
    EXTI0_IRQHandler                         0x080002c7   Thumb Code     0  startup_stm32g474xx.o(.text)
    EXTI15_10_IRQHandler                     0x080002c7   Thumb Code     0  startup_stm32g474xx.o(.text)
    EXTI1_IRQHandler                         0x080002c7   Thumb Code     0  startup_stm32g474xx.o(.text)
    EXTI2_IRQHandler                         0x080002c7   Thumb Code     0  startup_stm32g474xx.o(.text)
    EXTI3_IRQHandler                         0x080002c7   Thumb Code     0  startup_stm32g474xx.o(.text)
    EXTI4_IRQHandler                         0x080002c7   Thumb Code     0  startup_stm32g474xx.o(.text)
    EXTI9_5_IRQHandler                       0x080002c7   Thumb Code     0  startup_stm32g474xx.o(.text)
    FDCAN1_IT0_IRQHandler                    0x080002c7   Thumb Code     0  startup_stm32g474xx.o(.text)
    FDCAN1_IT1_IRQHandler                    0x080002c7   Thumb Code     0  startup_stm32g474xx.o(.text)
    FDCAN2_IT0_IRQHandler                    0x080002c7   Thumb Code     0  startup_stm32g474xx.o(.text)
    FDCAN2_IT1_IRQHandler                    0x080002c7   Thumb Code     0  startup_stm32g474xx.o(.text)
    FDCAN3_IT0_IRQHandler                    0x080002c7   Thumb Code     0  startup_stm32g474xx.o(.text)
    FDCAN3_IT1_IRQHandler                    0x080002c7   Thumb Code     0  startup_stm32g474xx.o(.text)
    FLASH_IRQHandler                         0x080002c7   Thumb Code     0  startup_stm32g474xx.o(.text)
    FMAC_IRQHandler                          0x080002c7   Thumb Code     0  startup_stm32g474xx.o(.text)
    FMC_IRQHandler                           0x080002c7   Thumb Code     0  startup_stm32g474xx.o(.text)
    FPU_IRQHandler                           0x080002c7   Thumb Code     0  startup_stm32g474xx.o(.text)
    HRTIM1_FLT_IRQHandler                    0x080002c7   Thumb Code     0  startup_stm32g474xx.o(.text)
    HRTIM1_Master_IRQHandler                 0x080002c7   Thumb Code     0  startup_stm32g474xx.o(.text)
    HRTIM1_TIMA_IRQHandler                   0x080002c7   Thumb Code     0  startup_stm32g474xx.o(.text)
    HRTIM1_TIMB_IRQHandler                   0x080002c7   Thumb Code     0  startup_stm32g474xx.o(.text)
    HRTIM1_TIMC_IRQHandler                   0x080002c7   Thumb Code     0  startup_stm32g474xx.o(.text)
    HRTIM1_TIME_IRQHandler                   0x080002c7   Thumb Code     0  startup_stm32g474xx.o(.text)
    HRTIM1_TIMF_IRQHandler                   0x080002c7   Thumb Code     0  startup_stm32g474xx.o(.text)
    I2C1_ER_IRQHandler                       0x080002c7   Thumb Code     0  startup_stm32g474xx.o(.text)
    I2C1_EV_IRQHandler                       0x080002c7   Thumb Code     0  startup_stm32g474xx.o(.text)
    I2C2_ER_IRQHandler                       0x080002c7   Thumb Code     0  startup_stm32g474xx.o(.text)
    I2C2_EV_IRQHandler                       0x080002c7   Thumb Code     0  startup_stm32g474xx.o(.text)
    I2C3_ER_IRQHandler                       0x080002c7   Thumb Code     0  startup_stm32g474xx.o(.text)
    I2C3_EV_IRQHandler                       0x080002c7   Thumb Code     0  startup_stm32g474xx.o(.text)
    I2C4_ER_IRQHandler                       0x080002c7   Thumb Code     0  startup_stm32g474xx.o(.text)
    I2C4_EV_IRQHandler                       0x080002c7   Thumb Code     0  startup_stm32g474xx.o(.text)
    LPTIM1_IRQHandler                        0x080002c7   Thumb Code     0  startup_stm32g474xx.o(.text)
    LPUART1_IRQHandler                       0x080002c7   Thumb Code     0  startup_stm32g474xx.o(.text)
    PVD_PVM_IRQHandler                       0x080002c7   Thumb Code     0  startup_stm32g474xx.o(.text)
    QUADSPI_IRQHandler                       0x080002c7   Thumb Code     0  startup_stm32g474xx.o(.text)
    RCC_IRQHandler                           0x080002c7   Thumb Code     0  startup_stm32g474xx.o(.text)
    RNG_IRQHandler                           0x080002c7   Thumb Code     0  startup_stm32g474xx.o(.text)
    RTC_Alarm_IRQHandler                     0x080002c7   Thumb Code     0  startup_stm32g474xx.o(.text)
    RTC_TAMP_LSECSS_IRQHandler               0x080002c7   Thumb Code     0  startup_stm32g474xx.o(.text)
    RTC_WKUP_IRQHandler                      0x080002c7   Thumb Code     0  startup_stm32g474xx.o(.text)
    SAI1_IRQHandler                          0x080002c7   Thumb Code     0  startup_stm32g474xx.o(.text)
    SPI1_IRQHandler                          0x080002c7   Thumb Code     0  startup_stm32g474xx.o(.text)
    SPI2_IRQHandler                          0x080002c7   Thumb Code     0  startup_stm32g474xx.o(.text)
    SPI3_IRQHandler                          0x080002c7   Thumb Code     0  startup_stm32g474xx.o(.text)
    SPI4_IRQHandler                          0x080002c7   Thumb Code     0  startup_stm32g474xx.o(.text)
    TIM1_BRK_TIM15_IRQHandler                0x080002c7   Thumb Code     0  startup_stm32g474xx.o(.text)
    TIM1_CC_IRQHandler                       0x080002c7   Thumb Code     0  startup_stm32g474xx.o(.text)
    TIM1_TRG_COM_TIM17_IRQHandler            0x080002c7   Thumb Code     0  startup_stm32g474xx.o(.text)
    TIM1_UP_TIM16_IRQHandler                 0x080002c7   Thumb Code     0  startup_stm32g474xx.o(.text)
    TIM20_BRK_IRQHandler                     0x080002c7   Thumb Code     0  startup_stm32g474xx.o(.text)
    TIM20_CC_IRQHandler                      0x080002c7   Thumb Code     0  startup_stm32g474xx.o(.text)
    TIM20_TRG_COM_IRQHandler                 0x080002c7   Thumb Code     0  startup_stm32g474xx.o(.text)
    TIM20_UP_IRQHandler                      0x080002c7   Thumb Code     0  startup_stm32g474xx.o(.text)
    TIM2_IRQHandler                          0x080002c7   Thumb Code     0  startup_stm32g474xx.o(.text)
    TIM3_IRQHandler                          0x080002c7   Thumb Code     0  startup_stm32g474xx.o(.text)
    TIM4_IRQHandler                          0x080002c7   Thumb Code     0  startup_stm32g474xx.o(.text)
    TIM5_IRQHandler                          0x080002c7   Thumb Code     0  startup_stm32g474xx.o(.text)
    TIM6_DAC_IRQHandler                      0x080002c7   Thumb Code     0  startup_stm32g474xx.o(.text)
    TIM7_DAC_IRQHandler                      0x080002c7   Thumb Code     0  startup_stm32g474xx.o(.text)
    TIM8_BRK_IRQHandler                      0x080002c7   Thumb Code     0  startup_stm32g474xx.o(.text)
    TIM8_CC_IRQHandler                       0x080002c7   Thumb Code     0  startup_stm32g474xx.o(.text)
    TIM8_TRG_COM_IRQHandler                  0x080002c7   Thumb Code     0  startup_stm32g474xx.o(.text)
    TIM8_UP_IRQHandler                       0x080002c7   Thumb Code     0  startup_stm32g474xx.o(.text)
    UART4_IRQHandler                         0x080002c7   Thumb Code     0  startup_stm32g474xx.o(.text)
    UART5_IRQHandler                         0x080002c7   Thumb Code     0  startup_stm32g474xx.o(.text)
    UCPD1_IRQHandler                         0x080002c7   Thumb Code     0  startup_stm32g474xx.o(.text)
    USART1_IRQHandler                        0x080002c7   Thumb Code     0  startup_stm32g474xx.o(.text)
    USART3_IRQHandler                        0x080002c7   Thumb Code     0  startup_stm32g474xx.o(.text)
    USBWakeUp_IRQHandler                     0x080002c7   Thumb Code     0  startup_stm32g474xx.o(.text)
    USB_HP_IRQHandler                        0x080002c7   Thumb Code     0  startup_stm32g474xx.o(.text)
    USB_LP_IRQHandler                        0x080002c7   Thumb Code     0  startup_stm32g474xx.o(.text)
    WWDG_IRQHandler                          0x080002c7   Thumb Code     0  startup_stm32g474xx.o(.text)
    __aeabi_uldivmod                         0x080002d1   Thumb Code    98  uldiv.o(.text)
    __aeabi_memcpy                           0x08000333   Thumb Code    36  memcpya.o(.text)
    __aeabi_memcpy4                          0x08000333   Thumb Code     0  memcpya.o(.text)
    __aeabi_memcpy8                          0x08000333   Thumb Code     0  memcpya.o(.text)
    __aeabi_memset                           0x08000357   Thumb Code    14  memseta.o(.text)
    __aeabi_memset4                          0x08000357   Thumb Code     0  memseta.o(.text)
    __aeabi_memset8                          0x08000357   Thumb Code     0  memseta.o(.text)
    __aeabi_memclr                           0x08000365   Thumb Code     4  memseta.o(.text)
    __aeabi_memclr4                          0x08000365   Thumb Code     0  memseta.o(.text)
    __aeabi_memclr8                          0x08000365   Thumb Code     0  memseta.o(.text)
    memset                                   0x08000369   Thumb Code    18  memseta.o(.text)
    __aeabi_dadd                             0x0800037b   Thumb Code   322  dadd.o(.text)
    __aeabi_dsub                             0x080004bd   Thumb Code     6  dadd.o(.text)
    __aeabi_drsub                            0x080004c3   Thumb Code     6  dadd.o(.text)
    __aeabi_dmul                             0x080004c9   Thumb Code   228  dmul.o(.text)
    __aeabi_ddiv                             0x080005ad   Thumb Code   222  ddiv.o(.text)
    __aeabi_cdrcmple                         0x0800068d   Thumb Code    48  cdrcmple.o(.text)
    __aeabi_uidiv                            0x080006bd   Thumb Code     0  uidiv.o(.text)
    __aeabi_uidivmod                         0x080006bd   Thumb Code    44  uidiv.o(.text)
    __aeabi_llsl                             0x080006e9   Thumb Code    30  llshl.o(.text)
    _ll_shift_l                              0x080006e9   Thumb Code     0  llshl.o(.text)
    __aeabi_llsr                             0x08000707   Thumb Code    32  llushr.o(.text)
    _ll_ushift_r                             0x08000707   Thumb Code     0  llushr.o(.text)
    __aeabi_lasr                             0x08000727   Thumb Code    36  llsshr.o(.text)
    _ll_sshift_r                             0x08000727   Thumb Code     0  llsshr.o(.text)
    __I$use$fp                               0x0800074b   Thumb Code     0  iusefp.o(.text)
    _double_round                            0x0800074b   Thumb Code    30  depilogue.o(.text)
    _double_epilogue                         0x08000769   Thumb Code   156  depilogue.o(.text)
    __aeabi_d2ulz                            0x08000805   Thumb Code    48  dfixul.o(.text)
    __scatterload                            0x08000835   Thumb Code    28  init.o(.text)
    __scatterload_rt2                        0x08000835   Thumb Code     0  init.o(.text)
    BusFault_Handler                         0x08000859   Thumb Code     4  stm32g4xx_it.o(i.BusFault_Handler)
    DebugMon_Handler                         0x0800085d   Thumb Code     2  stm32g4xx_it.o(i.DebugMon_Handler)
    Error_Handler                            0x0800085f   Thumb Code     6  main.o(i.Error_Handler)
    HAL_DMA_Abort                            0x08000865   Thumb Code   118  stm32g4xx_hal_dma.o(i.HAL_DMA_Abort)
    HAL_DMA_Abort_IT                         0x080008db   Thumb Code   148  stm32g4xx_hal_dma.o(i.HAL_DMA_Abort_IT)
    HAL_GPIO_Init                            0x08000971   Thumb Code   438  stm32g4xx_hal_gpio.o(i.HAL_GPIO_Init)
    HAL_GPIO_ReadPin                         0x08000b49   Thumb Code    16  stm32g4xx_hal_gpio.o(i.HAL_GPIO_ReadPin)
    HAL_GPIO_TogglePin                       0x08000b59   Thumb Code    20  stm32g4xx_hal_gpio.o(i.HAL_GPIO_TogglePin)
    HAL_GPIO_WritePin                        0x08000b6d   Thumb Code    10  stm32g4xx_hal_gpio.o(i.HAL_GPIO_WritePin)
    HAL_GetTick                              0x08000b79   Thumb Code     6  stm32g4xx_hal.o(i.HAL_GetTick)
    HAL_HRTIM_BurstModePeriodCallback        0x08000b85   Thumb Code     2  stm32g4xx_hal_hrtim.o(i.HAL_HRTIM_BurstModePeriodCallback)
    HAL_HRTIM_Capture1EventCallback          0x08000b87   Thumb Code     2  stm32g4xx_hal_hrtim.o(i.HAL_HRTIM_Capture1EventCallback)
    HAL_HRTIM_Capture2EventCallback          0x08000b89   Thumb Code     2  stm32g4xx_hal_hrtim.o(i.HAL_HRTIM_Capture2EventCallback)
    HAL_HRTIM_Compare1EventCallback          0x08000b8b   Thumb Code     2  stm32g4xx_hal_hrtim.o(i.HAL_HRTIM_Compare1EventCallback)
    HAL_HRTIM_Compare2EventCallback          0x08000b8d   Thumb Code     2  stm32g4xx_hal_hrtim.o(i.HAL_HRTIM_Compare2EventCallback)
    HAL_HRTIM_Compare3EventCallback          0x08000b8f   Thumb Code     2  stm32g4xx_hal_hrtim.o(i.HAL_HRTIM_Compare3EventCallback)
    HAL_HRTIM_Compare4EventCallback          0x08000b91   Thumb Code     2  stm32g4xx_hal_hrtim.o(i.HAL_HRTIM_Compare4EventCallback)
    HAL_HRTIM_CounterResetCallback           0x08000b93   Thumb Code     2  stm32g4xx_hal_hrtim.o(i.HAL_HRTIM_CounterResetCallback)
    HAL_HRTIM_DLLCalibrationReadyCallback    0x08000b95   Thumb Code     2  stm32g4xx_hal_hrtim.o(i.HAL_HRTIM_DLLCalibrationReadyCallback)
    HAL_HRTIM_DLLCalibrationStart            0x08000b97   Thumb Code   128  stm32g4xx_hal_hrtim.o(i.HAL_HRTIM_DLLCalibrationStart)
    HAL_HRTIM_DeadTimeConfig                 0x08000c19   Thumb Code   162  stm32g4xx_hal_hrtim.o(i.HAL_HRTIM_DeadTimeConfig)
    HAL_HRTIM_DelayedProtectionCallback      0x08000cc5   Thumb Code     2  stm32g4xx_hal_hrtim.o(i.HAL_HRTIM_DelayedProtectionCallback)
    HAL_HRTIM_Fault1Callback                 0x08000cc7   Thumb Code     2  stm32g4xx_hal_hrtim.o(i.HAL_HRTIM_Fault1Callback)
    HAL_HRTIM_Fault2Callback                 0x08000cc9   Thumb Code     2  stm32g4xx_hal_hrtim.o(i.HAL_HRTIM_Fault2Callback)
    HAL_HRTIM_Fault3Callback                 0x08000ccb   Thumb Code     2  stm32g4xx_hal_hrtim.o(i.HAL_HRTIM_Fault3Callback)
    HAL_HRTIM_Fault4Callback                 0x08000ccd   Thumb Code     2  stm32g4xx_hal_hrtim.o(i.HAL_HRTIM_Fault4Callback)
    HAL_HRTIM_Fault5Callback                 0x08000ccf   Thumb Code     2  stm32g4xx_hal_hrtim.o(i.HAL_HRTIM_Fault5Callback)
    HAL_HRTIM_Fault6Callback                 0x08000cd1   Thumb Code     2  stm32g4xx_hal_hrtim.o(i.HAL_HRTIM_Fault6Callback)
    HAL_HRTIM_IRQHandler                     0x08000cd3   Thumb Code    40  stm32g4xx_hal_hrtim.o(i.HAL_HRTIM_IRQHandler)
    HAL_HRTIM_Init                           0x08000cfd   Thumb Code   258  stm32g4xx_hal_hrtim.o(i.HAL_HRTIM_Init)
    HAL_HRTIM_MspInit                        0x08000e09   Thumb Code    58  hrtim.o(i.HAL_HRTIM_MspInit)
    HAL_HRTIM_MspPostInit                    0x08000e4d   Thumb Code    84  hrtim.o(i.HAL_HRTIM_MspPostInit)
    HAL_HRTIM_Output1ResetCallback           0x08000ead   Thumb Code     2  stm32g4xx_hal_hrtim.o(i.HAL_HRTIM_Output1ResetCallback)
    HAL_HRTIM_Output1SetCallback             0x08000eaf   Thumb Code     2  stm32g4xx_hal_hrtim.o(i.HAL_HRTIM_Output1SetCallback)
    HAL_HRTIM_Output2ResetCallback           0x08000eb1   Thumb Code     2  stm32g4xx_hal_hrtim.o(i.HAL_HRTIM_Output2ResetCallback)
    HAL_HRTIM_Output2SetCallback             0x08000eb3   Thumb Code     2  stm32g4xx_hal_hrtim.o(i.HAL_HRTIM_Output2SetCallback)
    HAL_HRTIM_PollForDLLCalibration          0x08000eb5   Thumb Code    74  stm32g4xx_hal_hrtim.o(i.HAL_HRTIM_PollForDLLCalibration)
    HAL_HRTIM_RegistersUpdateCallback        0x08000eff   Thumb Code     2  stm32g4xx_hal_hrtim.o(i.HAL_HRTIM_RegistersUpdateCallback)
    HAL_HRTIM_RepetitionEventCallback        0x08000f01   Thumb Code     2  stm32g4xx_hal_hrtim.o(i.HAL_HRTIM_RepetitionEventCallback)
    HAL_HRTIM_SynchronizationEventCallback   0x08000f03   Thumb Code     2  stm32g4xx_hal_hrtim.o(i.HAL_HRTIM_SynchronizationEventCallback)
    HAL_HRTIM_SystemFaultCallback            0x08000f05   Thumb Code     2  stm32g4xx_hal_hrtim.o(i.HAL_HRTIM_SystemFaultCallback)
    HAL_HRTIM_TimeBaseConfig                 0x08000f07   Thumb Code    58  stm32g4xx_hal_hrtim.o(i.HAL_HRTIM_TimeBaseConfig)
    HAL_HRTIM_WaveformCompareConfig          0x08000f41   Thumb Code   504  stm32g4xx_hal_hrtim.o(i.HAL_HRTIM_WaveformCompareConfig)
    HAL_HRTIM_WaveformCountStart             0x08001139   Thumb Code    60  stm32g4xx_hal_hrtim.o(i.HAL_HRTIM_WaveformCountStart)
    HAL_HRTIM_WaveformOutputConfig           0x08001175   Thumb Code    84  stm32g4xx_hal_hrtim.o(i.HAL_HRTIM_WaveformOutputConfig)
    HAL_HRTIM_WaveformOutputStart            0x080011c9   Thumb Code    64  stm32g4xx_hal_hrtim.o(i.HAL_HRTIM_WaveformOutputStart)
    HAL_HRTIM_WaveformTimerConfig            0x08001209   Thumb Code   178  stm32g4xx_hal_hrtim.o(i.HAL_HRTIM_WaveformTimerConfig)
    HAL_HRTIM_WaveformTimerControl           0x080012bb   Thumb Code    84  stm32g4xx_hal_hrtim.o(i.HAL_HRTIM_WaveformTimerControl)
    HAL_I2CEx_ConfigAnalogFilter             0x0800130f   Thumb Code   106  stm32g4xx_hal_i2c_ex.o(i.HAL_I2CEx_ConfigAnalogFilter)
    HAL_I2CEx_ConfigDigitalFilter            0x08001379   Thumb Code   104  stm32g4xx_hal_i2c_ex.o(i.HAL_I2CEx_ConfigDigitalFilter)
    HAL_I2CEx_EnableFastModePlus             0x080013e1   Thumb Code    42  stm32g4xx_hal_i2c_ex.o(i.HAL_I2CEx_EnableFastModePlus)
    HAL_I2C_Init                             0x08001415   Thumb Code   192  stm32g4xx_hal_i2c.o(i.HAL_I2C_Init)
    HAL_I2C_Master_Transmit                  0x080014d9   Thumb Code   344  stm32g4xx_hal_i2c.o(i.HAL_I2C_Master_Transmit)
    HAL_I2C_MspInit                          0x08001639   Thumb Code   196  i2c.o(i.HAL_I2C_MspInit)
    HAL_IncTick                              0x08001709   Thumb Code    16  stm32g4xx_hal.o(i.HAL_IncTick)
    HAL_Init                                 0x08001721   Thumb Code    30  stm32g4xx_hal.o(i.HAL_Init)
    HAL_InitTick                             0x08001741   Thumb Code    74  stm32g4xx_hal.o(i.HAL_InitTick)
    HAL_MspInit                              0x08001799   Thumb Code    72  stm32g4xx_hal_msp.o(i.HAL_MspInit)
    HAL_NVIC_EnableIRQ                       0x080017e5   Thumb Code    40  stm32g4xx_hal_cortex.o(i.HAL_NVIC_EnableIRQ)
    HAL_NVIC_SetPriority                     0x0800180d   Thumb Code   122  stm32g4xx_hal_cortex.o(i.HAL_NVIC_SetPriority)
    HAL_NVIC_SetPriorityGrouping             0x08001889   Thumb Code    32  stm32g4xx_hal_cortex.o(i.HAL_NVIC_SetPriorityGrouping)
    HAL_PWREx_ControlVoltageScaling          0x080018b1   Thumb Code   268  stm32g4xx_hal_pwr_ex.o(i.HAL_PWREx_ControlVoltageScaling)
    HAL_PWREx_DisableUCPDDeadBattery         0x080019c9   Thumb Code    14  stm32g4xx_hal_pwr_ex.o(i.HAL_PWREx_DisableUCPDDeadBattery)
    HAL_RCCEx_PeriphCLKConfig                0x080019dd   Thumb Code  1048  stm32g4xx_hal_rcc_ex.o(i.HAL_RCCEx_PeriphCLKConfig)
    HAL_RCC_ClockConfig                      0x08001df5   Thumb Code   522  stm32g4xx_hal_rcc.o(i.HAL_RCC_ClockConfig)
    HAL_RCC_GetHCLKFreq                      0x08002019   Thumb Code     6  stm32g4xx_hal_rcc.o(i.HAL_RCC_GetHCLKFreq)
    HAL_RCC_GetPCLK1Freq                     0x08002025   Thumb Code    26  stm32g4xx_hal_rcc.o(i.HAL_RCC_GetPCLK1Freq)
    HAL_RCC_GetPCLK2Freq                     0x08002049   Thumb Code    26  stm32g4xx_hal_rcc.o(i.HAL_RCC_GetPCLK2Freq)
    HAL_RCC_GetSysClockFreq                  0x0800206d   Thumb Code   138  stm32g4xx_hal_rcc.o(i.HAL_RCC_GetSysClockFreq)
    HAL_RCC_OscConfig                        0x08002105   Thumb Code  1370  stm32g4xx_hal_rcc.o(i.HAL_RCC_OscConfig)
    HAL_SYSTICK_Config                       0x0800266d   Thumb Code    52  stm32g4xx_hal_cortex.o(i.HAL_SYSTICK_Config)
    HAL_UARTEx_DisableFifoMode               0x080026a1   Thumb Code    78  stm32g4xx_hal_uart_ex.o(i.HAL_UARTEx_DisableFifoMode)
    HAL_UARTEx_RxEventCallback               0x080026ef   Thumb Code     2  stm32g4xx_hal_uart.o(i.HAL_UARTEx_RxEventCallback)
    HAL_UARTEx_RxFifoFullCallback            0x080026f1   Thumb Code     2  stm32g4xx_hal_uart_ex.o(i.HAL_UARTEx_RxFifoFullCallback)
    HAL_UARTEx_SetRxFifoThreshold            0x080026f3   Thumb Code    94  stm32g4xx_hal_uart_ex.o(i.HAL_UARTEx_SetRxFifoThreshold)
    HAL_UARTEx_SetTxFifoThreshold            0x08002751   Thumb Code    94  stm32g4xx_hal_uart_ex.o(i.HAL_UARTEx_SetTxFifoThreshold)
    HAL_UARTEx_TxFifoEmptyCallback           0x080027af   Thumb Code     2  stm32g4xx_hal_uart_ex.o(i.HAL_UARTEx_TxFifoEmptyCallback)
    HAL_UARTEx_WakeupCallback                0x080027b1   Thumb Code     2  stm32g4xx_hal_uart_ex.o(i.HAL_UARTEx_WakeupCallback)
    HAL_UART_ErrorCallback                   0x080027b3   Thumb Code     2  stm32g4xx_hal_uart.o(i.HAL_UART_ErrorCallback)
    HAL_UART_IRQHandler                      0x080027b5   Thumb Code   762  stm32g4xx_hal_uart.o(i.HAL_UART_IRQHandler)
    HAL_UART_Init                            0x08002abd   Thumb Code   120  stm32g4xx_hal_uart.o(i.HAL_UART_Init)
    HAL_UART_MspInit                         0x08002b35   Thumb Code   150  usart.o(i.HAL_UART_MspInit)
    HAL_UART_Receive_IT                      0x08002bd9   Thumb Code    96  stm32g4xx_hal_uart.o(i.HAL_UART_Receive_IT)
    HAL_UART_RxCpltCallback                  0x08002c3d   Thumb Code     2  stm32g4xx_hal_uart.o(i.HAL_UART_RxCpltCallback)
    HAL_UART_Transmit                        0x08002c3f   Thumb Code   214  stm32g4xx_hal_uart.o(i.HAL_UART_Transmit)
    HAL_UART_TxCpltCallback                  0x08002d15   Thumb Code     2  stm32g4xx_hal_uart.o(i.HAL_UART_TxCpltCallback)
    HRTIM1_TIMD_IRQHandler                   0x08002d19   Thumb Code    12  stm32g4xx_it.o(i.HRTIM1_TIMD_IRQHandler)
    HardFault_Handler                        0x08003653   Thumb Code     4  stm32g4xx_it.o(i.HardFault_Handler)
    MX_FREERTOS_Init                         0x0800385d   Thumb Code   102  app_freertos.o(i.MX_FREERTOS_Init)
    MX_GPIO_Init                             0x08003909   Thumb Code   248  gpio.o(i.MX_GPIO_Init)
    MX_HRTIM1_Init                           0x08003a0d   Thumb Code   434  hrtim.o(i.MX_HRTIM1_Init)
    MX_I2C3_Init                             0x08003bc9   Thumb Code    82  i2c.o(i.MX_I2C3_Init)
    MX_USART2_UART_Init                      0x08003c29   Thumb Code    98  usart.o(i.MX_USART2_UART_Init)
    MemManage_Handler                        0x08003c95   Thumb Code     4  stm32g4xx_it.o(i.MemManage_Handler)
    NMI_Handler                              0x08003c99   Thumb Code     4  stm32g4xx_it.o(i.NMI_Handler)
    OLED_Clear                               0x08003c9d   Thumb Code    36  oled.o(i.OLED_Clear)
    OLED_ClearArea                           0x08003cc5   Thumb Code   162  oled.o(i.OLED_ClearArea)
    OLED_GPIO_Init                           0x08003d6d   Thumb Code    44  oled.o(i.OLED_GPIO_Init)
    OLED_Init                                0x08003d99   Thumb Code   154  oled.o(i.OLED_Init)
    OLED_SetCursor                           0x08003e33   Thumb Code    34  oled.o(i.OLED_SetCursor)
    OLED_ShowChar                            0x08003e55   Thumb Code    74  oled.o(i.OLED_ShowChar)
    OLED_ShowImage                           0x08003ea9   Thumb Code   296  oled.o(i.OLED_ShowImage)
    OLED_ShowString                          0x08003fd5   Thumb Code    46  oled.o(i.OLED_ShowString)
    OLED_Update                              0x08004005   Thumb Code    36  oled.o(i.OLED_Update)
    OLED_WriteCommand                        0x0800402d   Thumb Code    30  oled.o(i.OLED_WriteCommand)
    OLED_WriteData                           0x08004051   Thumb Code    66  oled.o(i.OLED_WriteData)
    StartDefaultTask                         0x08004101   Thumb Code    20  app_freertos.o(i.StartDefaultTask)
    StartTask02                              0x08004115   Thumb Code   118  app_freertos.o(i.StartTask02)
    StartTask03                              0x0800419d   Thumb Code    34  app_freertos.o(i.StartTask03)
    StartTask04                              0x080041d5   Thumb Code    62  app_freertos.o(i.StartTask04)
    SysTick_Handler                          0x08004231   Thumb Code    20  stm32g4xx_it.o(i.SysTick_Handler)
    SystemClock_Config                       0x08004245   Thumb Code   108  main.o(i.SystemClock_Config)
    SystemInit                               0x080042b1   Thumb Code    14  system_stm32g4xx.o(i.SystemInit)
    UART_AdvFeatureConfig                    0x0800431d   Thumb Code   248  stm32g4xx_hal_uart.o(i.UART_AdvFeatureConfig)
    UART_CheckIdleState                      0x08004415   Thumb Code   118  stm32g4xx_hal_uart.o(i.UART_CheckIdleState)
    UART_SetConfig                           0x080048ed   Thumb Code   926  stm32g4xx_hal_uart.o(i.UART_SetConfig)
    UART_Start_Receive_IT                    0x08004cb9   Thumb Code   256  stm32g4xx_hal_uart.o(i.UART_Start_Receive_IT)
    UART_WaitOnFlagUntilTimeout              0x08004dc9   Thumb Code   190  stm32g4xx_hal_uart.o(i.UART_WaitOnFlagUntilTimeout)
    USART2_IRQHandler                        0x08004e89   Thumb Code    10  stm32g4xx_it.o(i.USART2_IRQHandler)
    UsageFault_Handler                       0x08004e99   Thumb Code     4  stm32g4xx_it.o(i.UsageFault_Handler)
    __0printf                                0x08004e9d   Thumb Code    22  printfa.o(i.__0printf)
    __1printf                                0x08004e9d   Thumb Code     0  printfa.o(i.__0printf)
    __2printf                                0x08004e9d   Thumb Code     0  printfa.o(i.__0printf)
    __c89printf                              0x08004e9d   Thumb Code     0  printfa.o(i.__0printf)
    printf                                   0x08004e9d   Thumb Code     0  printfa.o(i.__0printf)
    __scatterload_copy                       0x08004efb   Thumb Code    14  handlers.o(i.__scatterload_copy)
    __scatterload_null                       0x08004f09   Thumb Code     2  handlers.o(i.__scatterload_null)
    __scatterload_zeroinit                   0x08004f0b   Thumb Code    14  handlers.o(i.__scatterload_zeroinit)
    fputc                                    0x080057cd   Thumb Code    20  app_freertos.o(i.fputc)
    free                                     0x080057e5   Thumb Code    76  malloc.o(i.free)
    main                                     0x08005835   Thumb Code   136  main.o(i.main)
    malloc                                   0x080058d9   Thumb Code    92  malloc.o(i.malloc)
    osDelay                                  0x08005945   Thumb Code    30  cmsis_os2.o(i.osDelay)
    osKernelInitialize                       0x08005965   Thumb Code    38  cmsis_os2.o(i.osKernelInitialize)
    osKernelStart                            0x08005991   Thumb Code    82  cmsis_os2.o(i.osKernelStart)
    osMessageQueueNew                        0x080059f1   Thumb Code   154  cmsis_os2.o(i.osMessageQueueNew)
    osThreadNew                              0x08005a8b   Thumb Code   184  cmsis_os2.o(i.osThreadNew)
    page_task                                0x08005b45   Thumb Code    24  function.o(i.page_task)
    pvPortMalloc                             0x08006591   Thumb Code   306  heap_4.o(i.pvPortMalloc)
    pxPortInitialiseStack                    0x080066dd   Thumb Code    38  port.o(i.pxPortInitialiseStack)
    uxListRemove                             0x08006709   Thumb Code    40  list.o(i.uxListRemove)
    vApplicationGetIdleTaskMemory            0x08006731   Thumb Code    14  cmsis_os2.o(i.vApplicationGetIdleTaskMemory)
    vApplicationGetTimerTaskMemory           0x08006749   Thumb Code    16  cmsis_os2.o(i.vApplicationGetTimerTaskMemory)
    vListInitialise                          0x08006761   Thumb Code    26  list.o(i.vListInitialise)
    vListInitialiseItem                      0x0800677b   Thumb Code     6  list.o(i.vListInitialiseItem)
    vListInsert                              0x08006781   Thumb Code    52  list.o(i.vListInsert)
    vListInsertEnd                           0x080067b5   Thumb Code    24  list.o(i.vListInsertEnd)
    vPortEnterCritical                       0x080067cd   Thumb Code    76  port.o(i.vPortEnterCritical)
    vPortExitCritical                        0x08006821   Thumb Code    56  port.o(i.vPortExitCritical)
    vPortFree                                0x0800685d   Thumb Code   150  heap_4.o(i.vPortFree)
    vPortSetupTimerInterrupt                 0x08006901   Thumb Code    36  port.o(i.vPortSetupTimerInterrupt)
    vPortValidateInterruptPriority           0x08006929   Thumb Code   106  port.o(i.vPortValidateInterruptPriority)
    vQueueAddToRegistry                      0x080069a1   Thumb Code    38  queue.o(i.vQueueAddToRegistry)
    vQueueWaitForMessageRestricted           0x080069cd   Thumb Code    74  queue.o(i.vQueueWaitForMessageRestricted)
    vTaskDelay                               0x08006a19   Thumb Code    82  tasks.o(i.vTaskDelay)
    vTaskInternalSetTimeOutState             0x08006a75   Thumb Code    14  tasks.o(i.vTaskInternalSetTimeOutState)
    vTaskMissedYield                         0x08006a8d   Thumb Code     8  tasks.o(i.vTaskMissedYield)
    vTaskPlaceOnEventList                    0x08006a99   Thumb Code    52  tasks.o(i.vTaskPlaceOnEventList)
    vTaskPlaceOnEventListRestricted          0x08006ad1   Thumb Code    60  tasks.o(i.vTaskPlaceOnEventListRestricted)
    vTaskStartScheduler                      0x08006b11   Thumb Code   156  tasks.o(i.vTaskStartScheduler)
    vTaskSuspendAll                          0x08006bc9   Thumb Code    12  tasks.o(i.vTaskSuspendAll)
    vTaskSwitchContext                       0x08006bd9   Thumb Code   122  tasks.o(i.vTaskSwitchContext)
    xPortStartScheduler                      0x08006c69   Thumb Code   330  port.o(i.xPortStartScheduler)
    xPortSysTickHandler                      0x08006dd1   Thumb Code    46  port.o(i.xPortSysTickHandler)
    xQueueGenericCreate                      0x08006e05   Thumb Code    90  queue.o(i.xQueueGenericCreate)
    xQueueGenericCreateStatic                0x08006e5f   Thumb Code   224  queue.o(i.xQueueGenericCreateStatic)
    xQueueGenericReset                       0x08006f41   Thumb Code   146  queue.o(i.xQueueGenericReset)
    xQueueGenericSend                        0x08006fd9   Thumb Code   420  queue.o(i.xQueueGenericSend)
    xQueueGenericSendFromISR                 0x08007181   Thumb Code   252  queue.o(i.xQueueGenericSendFromISR)
    xQueueReceive                            0x0800727d   Thumb Code   356  queue.o(i.xQueueReceive)
    xTaskCheckForTimeOut                     0x080073e5   Thumb Code   132  tasks.o(i.xTaskCheckForTimeOut)
    xTaskCreate                              0x08007471   Thumb Code   100  tasks.o(i.xTaskCreate)
    xTaskCreateStatic                        0x080074d5   Thumb Code   186  tasks.o(i.xTaskCreateStatic)
    xTaskGetSchedulerState                   0x08007591   Thumb Code    24  tasks.o(i.xTaskGetSchedulerState)
    xTaskGetTickCount                        0x080075b1   Thumb Code     6  tasks.o(i.xTaskGetTickCount)
    xTaskIncrementTick                       0x080075bd   Thumb Code   280  tasks.o(i.xTaskIncrementTick)
    xTaskPriorityDisinherit                  0x08007701   Thumb Code   152  tasks.o(i.xTaskPriorityDisinherit)
    xTaskRemoveFromEventList                 0x080077a5   Thumb Code   126  tasks.o(i.xTaskRemoveFromEventList)
    xTaskResumeAll                           0x0800783d   Thumb Code   222  tasks.o(i.xTaskResumeAll)
    xTimerCreateTimerTask                    0x08007941   Thumb Code   100  timers.o(i.xTimerCreateTimerTask)
    xTimerGenericCommand                     0x080079b9   Thumb Code   128  timers.o(i.xTimerGenericCommand)
    Sys_LED_Task_attributes                  0x08007a3c   Data          36  app_freertos.o(.constdata)
    KEY_Task_attributes                      0x08007a60   Data          36  app_freertos.o(.constdata)
    UART_TX_TASK_attributes                  0x08007a84   Data          36  app_freertos.o(.constdata)
    UART_RX_TASK_attributes                  0x08007aa8   Data          36  app_freertos.o(.constdata)
    myQueue01_attributes                     0x08007acc   Data          24  app_freertos.o(.constdata)
    myQueue02_attributes                     0x08007ae4   Data          24  app_freertos.o(.constdata)
    UARTPrescTable                           0x08007afc   Data          24  stm32g4xx_hal_uart.o(.constdata)
    AHBPrescTable                            0x08007b24   Data          16  system_stm32g4xx.o(.constdata)
    APBPrescTable                            0x08007b34   Data           8  system_stm32g4xx.o(.constdata)
    OLED_F8x16                               0x08007b3c   Data        1520  oled_data.o(.constdata)
    OLED_F6x8                                0x0800812c   Data         570  oled_data.o(.constdata)
    OLED_CF16x16                             0x08008366   Data        1008  oled_data.o(.constdata)
    Diode                                    0x08008756   Data          32  oled_data.o(.constdata)
    Region$$Table$$Base                      0x080087cc   Number         0  anon$$obj.o(Region$$Table)
    Region$$Table$$Limit                     0x080087ec   Number         0  anon$$obj.o(Region$$Table)
    Sys_LED_TaskHandle                       0x20000000   Data           4  app_freertos.o(.data)
    KEY_TaskHandle                           0x20000004   Data           4  app_freertos.o(.data)
    UART_TX_TASKHandle                       0x20000008   Data           4  app_freertos.o(.data)
    UART_RX_TASKHandle                       0x2000000c   Data           4  app_freertos.o(.data)
    myQueue01Handle                          0x20000010   Data           4  app_freertos.o(.data)
    myQueue02Handle                          0x20000014   Data           4  app_freertos.o(.data)
    DataQueue                                0x20000018   Data           4  app_freertos.o(.data)
    uwTick                                   0x20000020   Data           4  stm32g4xx_hal.o(.data)
    uwTickPrio                               0x20000024   Data           4  stm32g4xx_hal.o(.data)
    uwTickFreq                               0x20000028   Data           4  stm32g4xx_hal.o(.data)
    SystemCoreClock                          0x2000002c   Data           4  system_stm32g4xx.o(.data)
    pxCurrentTCB                             0x20000030   Data           4  tasks.o(.data)
    __stdout                                 0x200000b0   Data           4  stdout.o(.data)
    __microlib_freelist                      0x200000b4   Data           4  mvars.o(.data)
    __microlib_freelist_initialised          0x200000b8   Data           4  mvars.o(.data)
    hhrtim1                                  0x200000bc   Data         252  hrtim.o(.bss)
    hi2c3                                    0x200001b8   Data          76  i2c.o(.bss)
    huart2                                   0x20000204   Data         144  usart.o(.bss)
    OLED_DisplayBuf                          0x20000294   Data        1024  oled.o(.bss)
    xQueueRegistry                           0x20000694   Data          64  queue.o(.bss)
    __heap_base                              0x20001f68   Data           0  startup_stm32g474xx.o(HEAP)
    __heap_limit                             0x20002168   Data           0  startup_stm32g474xx.o(HEAP)
    __initial_sp                             0x20002568   Data           0  startup_stm32g474xx.o(STACK)



==============================================================================

Memory Map of the image

  Image Entry point : 0x080001d9

  Load Region LR_IROM1 (Base: 0x08000000, Size: 0x000088a8, Max: 0x00080000, ABSOLUTE)

    Execution Region ER_IROM1 (Exec base: 0x08000000, Load base: 0x08000000, Size: 0x000087ec, Max: 0x00080000, ABSOLUTE)

    Exec Addr    Load Addr    Size         Type   Attr      Idx    E Section Name        Object

    0x08000000   0x08000000   0x000001d8   Data   RO            3    RESET               startup_stm32g474xx.o
    0x080001d8   0x080001d8   0x00000000   Code   RO         6162  * .ARM.Collect$$$$00000000  mc_w.l(entry.o)
    0x080001d8   0x080001d8   0x00000004   Code   RO         6523    .ARM.Collect$$$$00000001  mc_w.l(entry2.o)
    0x080001dc   0x080001dc   0x00000004   Code   RO         6526    .ARM.Collect$$$$00000004  mc_w.l(entry5.o)
    0x080001e0   0x080001e0   0x00000000   Code   RO         6528    .ARM.Collect$$$$00000008  mc_w.l(entry7b.o)
    0x080001e0   0x080001e0   0x00000000   Code   RO         6530    .ARM.Collect$$$$0000000A  mc_w.l(entry8b.o)
    0x080001e0   0x080001e0   0x00000008   Code   RO         6531    .ARM.Collect$$$$0000000B  mc_w.l(entry9a.o)
    0x080001e8   0x080001e8   0x00000000   Code   RO         6533    .ARM.Collect$$$$0000000D  mc_w.l(entry10a.o)
    0x080001e8   0x080001e8   0x00000000   Code   RO         6535    .ARM.Collect$$$$0000000F  mc_w.l(entry11a.o)
    0x080001e8   0x080001e8   0x00000004   Code   RO         6524    .ARM.Collect$$$$00002712  mc_w.l(entry2.o)
    0x080001ec   0x080001ec   0x000000be   Code   RO         6069    .emb_text           port.o
    0x080002aa   0x080002aa   0x00000002   PAD
    0x080002ac   0x080002ac   0x00000024   Code   RO            4    .text               startup_stm32g474xx.o
    0x080002d0   0x080002d0   0x00000062   Code   RO         6165    .text               mc_w.l(uldiv.o)
    0x08000332   0x08000332   0x00000024   Code   RO         6167    .text               mc_w.l(memcpya.o)
    0x08000356   0x08000356   0x00000024   Code   RO         6171    .text               mc_w.l(memseta.o)
    0x0800037a   0x0800037a   0x0000014e   Code   RO         6466    .text               mf_w.l(dadd.o)
    0x080004c8   0x080004c8   0x000000e4   Code   RO         6468    .text               mf_w.l(dmul.o)
    0x080005ac   0x080005ac   0x000000de   Code   RO         6470    .text               mf_w.l(ddiv.o)
    0x0800068a   0x0800068a   0x00000002   PAD
    0x0800068c   0x0800068c   0x00000030   Code   RO         6484    .text               mf_w.l(cdrcmple.o)
    0x080006bc   0x080006bc   0x0000002c   Code   RO         6538    .text               mc_w.l(uidiv.o)
    0x080006e8   0x080006e8   0x0000001e   Code   RO         6540    .text               mc_w.l(llshl.o)
    0x08000706   0x08000706   0x00000020   Code   RO         6542    .text               mc_w.l(llushr.o)
    0x08000726   0x08000726   0x00000024   Code   RO         6544    .text               mc_w.l(llsshr.o)
    0x0800074a   0x0800074a   0x00000000   Code   RO         6555    .text               mc_w.l(iusefp.o)
    0x0800074a   0x0800074a   0x000000ba   Code   RO         6558    .text               mf_w.l(depilogue.o)
    0x08000804   0x08000804   0x00000030   Code   RO         6562    .text               mf_w.l(dfixul.o)
    0x08000834   0x08000834   0x00000024   Code   RO         6568    .text               mc_w.l(init.o)
    0x08000858   0x08000858   0x00000004   Code   RO          445    i.BusFault_Handler  stm32g4xx_it.o
    0x0800085c   0x0800085c   0x00000002   Code   RO          446    i.DebugMon_Handler  stm32g4xx_it.o
    0x0800085e   0x0800085e   0x00000006   Code   RO           13    i.Error_Handler     main.o
    0x08000864   0x08000864   0x00000076   Code   RO         1447    i.HAL_DMA_Abort     stm32g4xx_hal_dma.o
    0x080008da   0x080008da   0x00000094   Code   RO         1448    i.HAL_DMA_Abort_IT  stm32g4xx_hal_dma.o
    0x0800096e   0x0800096e   0x00000002   PAD
    0x08000970   0x08000970   0x000001d8   Code   RO         1309    i.HAL_GPIO_Init     stm32g4xx_hal_gpio.o
    0x08000b48   0x08000b48   0x00000010   Code   RO         1311    i.HAL_GPIO_ReadPin  stm32g4xx_hal_gpio.o
    0x08000b58   0x08000b58   0x00000014   Code   RO         1312    i.HAL_GPIO_TogglePin  stm32g4xx_hal_gpio.o
    0x08000b6c   0x08000b6c   0x0000000a   Code   RO         1313    i.HAL_GPIO_WritePin  stm32g4xx_hal_gpio.o
    0x08000b76   0x08000b76   0x00000002   PAD
    0x08000b78   0x08000b78   0x0000000c   Code   RO          556    i.HAL_GetTick       stm32g4xx_hal.o
    0x08000b84   0x08000b84   0x00000002   Code   RO         2099    i.HAL_HRTIM_BurstModePeriodCallback  stm32g4xx_hal_hrtim.o
    0x08000b86   0x08000b86   0x00000002   Code   RO         2101    i.HAL_HRTIM_Capture1EventCallback  stm32g4xx_hal_hrtim.o
    0x08000b88   0x08000b88   0x00000002   Code   RO         2102    i.HAL_HRTIM_Capture2EventCallback  stm32g4xx_hal_hrtim.o
    0x08000b8a   0x08000b8a   0x00000002   Code   RO         2104    i.HAL_HRTIM_Compare1EventCallback  stm32g4xx_hal_hrtim.o
    0x08000b8c   0x08000b8c   0x00000002   Code   RO         2105    i.HAL_HRTIM_Compare2EventCallback  stm32g4xx_hal_hrtim.o
    0x08000b8e   0x08000b8e   0x00000002   Code   RO         2106    i.HAL_HRTIM_Compare3EventCallback  stm32g4xx_hal_hrtim.o
    0x08000b90   0x08000b90   0x00000002   Code   RO         2107    i.HAL_HRTIM_Compare4EventCallback  stm32g4xx_hal_hrtim.o
    0x08000b92   0x08000b92   0x00000002   Code   RO         2108    i.HAL_HRTIM_CounterResetCallback  stm32g4xx_hal_hrtim.o
    0x08000b94   0x08000b94   0x00000002   Code   RO         2109    i.HAL_HRTIM_DLLCalibrationReadyCallback  stm32g4xx_hal_hrtim.o
    0x08000b96   0x08000b96   0x00000080   Code   RO         2110    i.HAL_HRTIM_DLLCalibrationStart  stm32g4xx_hal_hrtim.o
    0x08000c16   0x08000c16   0x00000002   PAD
    0x08000c18   0x08000c18   0x000000ac   Code   RO         2113    i.HAL_HRTIM_DeadTimeConfig  stm32g4xx_hal_hrtim.o
    0x08000cc4   0x08000cc4   0x00000002   Code   RO         2114    i.HAL_HRTIM_DelayedProtectionCallback  stm32g4xx_hal_hrtim.o
    0x08000cc6   0x08000cc6   0x00000002   Code   RO         2122    i.HAL_HRTIM_Fault1Callback  stm32g4xx_hal_hrtim.o
    0x08000cc8   0x08000cc8   0x00000002   Code   RO         2123    i.HAL_HRTIM_Fault2Callback  stm32g4xx_hal_hrtim.o
    0x08000cca   0x08000cca   0x00000002   Code   RO         2124    i.HAL_HRTIM_Fault3Callback  stm32g4xx_hal_hrtim.o
    0x08000ccc   0x08000ccc   0x00000002   Code   RO         2125    i.HAL_HRTIM_Fault4Callback  stm32g4xx_hal_hrtim.o
    0x08000cce   0x08000cce   0x00000002   Code   RO         2126    i.HAL_HRTIM_Fault5Callback  stm32g4xx_hal_hrtim.o
    0x08000cd0   0x08000cd0   0x00000002   Code   RO         2127    i.HAL_HRTIM_Fault6Callback  stm32g4xx_hal_hrtim.o
    0x08000cd2   0x08000cd2   0x00000028   Code   RO         2142    i.HAL_HRTIM_IRQHandler  stm32g4xx_hal_hrtim.o
    0x08000cfa   0x08000cfa   0x00000002   PAD
    0x08000cfc   0x08000cfc   0x0000010c   Code   RO         2143    i.HAL_HRTIM_Init    stm32g4xx_hal_hrtim.o
    0x08000e08   0x08000e08   0x00000044   Code   RO          314    i.HAL_HRTIM_MspInit  hrtim.o
    0x08000e4c   0x08000e4c   0x00000060   Code   RO          315    i.HAL_HRTIM_MspPostInit  hrtim.o
    0x08000eac   0x08000eac   0x00000002   Code   RO         2146    i.HAL_HRTIM_Output1ResetCallback  stm32g4xx_hal_hrtim.o
    0x08000eae   0x08000eae   0x00000002   Code   RO         2147    i.HAL_HRTIM_Output1SetCallback  stm32g4xx_hal_hrtim.o
    0x08000eb0   0x08000eb0   0x00000002   Code   RO         2148    i.HAL_HRTIM_Output2ResetCallback  stm32g4xx_hal_hrtim.o
    0x08000eb2   0x08000eb2   0x00000002   Code   RO         2149    i.HAL_HRTIM_Output2SetCallback  stm32g4xx_hal_hrtim.o
    0x08000eb4   0x08000eb4   0x0000004a   Code   RO         2152    i.HAL_HRTIM_PollForDLLCalibration  stm32g4xx_hal_hrtim.o
    0x08000efe   0x08000efe   0x00000002   Code   RO         2153    i.HAL_HRTIM_RegistersUpdateCallback  stm32g4xx_hal_hrtim.o
    0x08000f00   0x08000f00   0x00000002   Code   RO         2154    i.HAL_HRTIM_RepetitionEventCallback  stm32g4xx_hal_hrtim.o
    0x08000f02   0x08000f02   0x00000002   Code   RO         2192    i.HAL_HRTIM_SynchronizationEventCallback  stm32g4xx_hal_hrtim.o
    0x08000f04   0x08000f04   0x00000002   Code   RO         2193    i.HAL_HRTIM_SystemFaultCallback  stm32g4xx_hal_hrtim.o
    0x08000f06   0x08000f06   0x0000003a   Code   RO         2194    i.HAL_HRTIM_TimeBaseConfig  stm32g4xx_hal_hrtim.o
    0x08000f40   0x08000f40   0x000001f8   Code   RO         2200    i.HAL_HRTIM_WaveformCompareConfig  stm32g4xx_hal_hrtim.o
    0x08001138   0x08001138   0x0000003c   Code   RO         2201    i.HAL_HRTIM_WaveformCountStart  stm32g4xx_hal_hrtim.o
    0x08001174   0x08001174   0x00000054   Code   RO         2209    i.HAL_HRTIM_WaveformOutputConfig  stm32g4xx_hal_hrtim.o
    0x080011c8   0x080011c8   0x00000040   Code   RO         2210    i.HAL_HRTIM_WaveformOutputStart  stm32g4xx_hal_hrtim.o
    0x08001208   0x08001208   0x000000b2   Code   RO         2213    i.HAL_HRTIM_WaveformTimerConfig  stm32g4xx_hal_hrtim.o
    0x080012ba   0x080012ba   0x00000054   Code   RO         2214    i.HAL_HRTIM_WaveformTimerControl  stm32g4xx_hal_hrtim.o
    0x0800130e   0x0800130e   0x0000006a   Code   RO         3421    i.HAL_I2CEx_ConfigAnalogFilter  stm32g4xx_hal_i2c_ex.o
    0x08001378   0x08001378   0x00000068   Code   RO         3422    i.HAL_I2CEx_ConfigDigitalFilter  stm32g4xx_hal_i2c_ex.o
    0x080013e0   0x080013e0   0x00000034   Code   RO         3425    i.HAL_I2CEx_EnableFastModePlus  stm32g4xx_hal_i2c_ex.o
    0x08001414   0x08001414   0x000000c4   Code   RO         2970    i.HAL_I2C_Init      stm32g4xx_hal_i2c.o
    0x080014d8   0x080014d8   0x00000160   Code   RO         2983    i.HAL_I2C_Master_Transmit  stm32g4xx_hal_i2c.o
    0x08001638   0x08001638   0x000000d0   Code   RO          362    i.HAL_I2C_MspInit   i2c.o
    0x08001708   0x08001708   0x00000018   Code   RO          559    i.HAL_IncTick       stm32g4xx_hal.o
    0x08001720   0x08001720   0x0000001e   Code   RO          560    i.HAL_Init          stm32g4xx_hal.o
    0x0800173e   0x0800173e   0x00000002   PAD
    0x08001740   0x08001740   0x00000058   Code   RO          561    i.HAL_InitTick      stm32g4xx_hal.o
    0x08001798   0x08001798   0x0000004c   Code   RO          521    i.HAL_MspInit       stm32g4xx_hal_msp.o
    0x080017e4   0x080017e4   0x00000028   Code   RO         1956    i.HAL_NVIC_EnableIRQ  stm32g4xx_hal_cortex.o
    0x0800180c   0x0800180c   0x0000007a   Code   RO         1962    i.HAL_NVIC_SetPriority  stm32g4xx_hal_cortex.o
    0x08001886   0x08001886   0x00000002   PAD
    0x08001888   0x08001888   0x00000028   Code   RO         1963    i.HAL_NVIC_SetPriorityGrouping  stm32g4xx_hal_cortex.o
    0x080018b0   0x080018b0   0x00000118   Code   RO         1712    i.HAL_PWREx_ControlVoltageScaling  stm32g4xx_hal_pwr_ex.o
    0x080019c8   0x080019c8   0x00000014   Code   RO         1724    i.HAL_PWREx_DisableUCPDDeadBattery  stm32g4xx_hal_pwr_ex.o
    0x080019dc   0x080019dc   0x00000418   Code   RO          910    i.HAL_RCCEx_PeriphCLKConfig  stm32g4xx_hal_rcc_ex.o
    0x08001df4   0x08001df4   0x00000224   Code   RO          780    i.HAL_RCC_ClockConfig  stm32g4xx_hal_rcc.o
    0x08002018   0x08002018   0x0000000c   Code   RO          786    i.HAL_RCC_GetHCLKFreq  stm32g4xx_hal_rcc.o
    0x08002024   0x08002024   0x00000024   Code   RO          788    i.HAL_RCC_GetPCLK1Freq  stm32g4xx_hal_rcc.o
    0x08002048   0x08002048   0x00000024   Code   RO          789    i.HAL_RCC_GetPCLK2Freq  stm32g4xx_hal_rcc.o
    0x0800206c   0x0800206c   0x00000098   Code   RO          790    i.HAL_RCC_GetSysClockFreq  stm32g4xx_hal_rcc.o
    0x08002104   0x08002104   0x00000568   Code   RO          793    i.HAL_RCC_OscConfig  stm32g4xx_hal_rcc.o
    0x0800266c   0x0800266c   0x00000034   Code   RO         1967    i.HAL_SYSTICK_Config  stm32g4xx_hal_cortex.o
    0x080026a0   0x080026a0   0x0000004e   Code   RO         3900    i.HAL_UARTEx_DisableFifoMode  stm32g4xx_hal_uart_ex.o
    0x080026ee   0x080026ee   0x00000002   Code   RO         3484    i.HAL_UARTEx_RxEventCallback  stm32g4xx_hal_uart.o
    0x080026f0   0x080026f0   0x00000002   Code   RO         3907    i.HAL_UARTEx_RxFifoFullCallback  stm32g4xx_hal_uart_ex.o
    0x080026f2   0x080026f2   0x0000005e   Code   RO         3908    i.HAL_UARTEx_SetRxFifoThreshold  stm32g4xx_hal_uart_ex.o
    0x08002750   0x08002750   0x0000005e   Code   RO         3909    i.HAL_UARTEx_SetTxFifoThreshold  stm32g4xx_hal_uart_ex.o
    0x080027ae   0x080027ae   0x00000002   Code   RO         3911    i.HAL_UARTEx_TxFifoEmptyCallback  stm32g4xx_hal_uart_ex.o
    0x080027b0   0x080027b0   0x00000002   Code   RO         3912    i.HAL_UARTEx_WakeupCallback  stm32g4xx_hal_uart_ex.o
    0x080027b2   0x080027b2   0x00000002   Code   RO         3500    i.HAL_UART_ErrorCallback  stm32g4xx_hal_uart.o
    0x080027b4   0x080027b4   0x00000308   Code   RO         3503    i.HAL_UART_IRQHandler  stm32g4xx_hal_uart.o
    0x08002abc   0x08002abc   0x00000078   Code   RO         3504    i.HAL_UART_Init     stm32g4xx_hal_uart.o
    0x08002b34   0x08002b34   0x000000a4   Code   RO          404    i.HAL_UART_MspInit  usart.o
    0x08002bd8   0x08002bd8   0x00000064   Code   RO         3509    i.HAL_UART_Receive_IT  stm32g4xx_hal_uart.o
    0x08002c3c   0x08002c3c   0x00000002   Code   RO         3511    i.HAL_UART_RxCpltCallback  stm32g4xx_hal_uart.o
    0x08002c3e   0x08002c3e   0x000000d6   Code   RO         3513    i.HAL_UART_Transmit  stm32g4xx_hal_uart.o
    0x08002d14   0x08002d14   0x00000002   Code   RO         3516    i.HAL_UART_TxCpltCallback  stm32g4xx_hal_uart.o
    0x08002d16   0x08002d16   0x00000002   PAD
    0x08002d18   0x08002d18   0x00000010   Code   RO          447    i.HRTIM1_TIMD_IRQHandler  stm32g4xx_it.o
    0x08002d28   0x08002d28   0x00000094   Code   RO         2221    i.HRTIM_ForceRegistersUpdate  stm32g4xx_hal_hrtim.o
    0x08002dbc   0x08002dbc   0x000000c8   Code   RO         2225    i.HRTIM_HRTIM_ISR   stm32g4xx_hal_hrtim.o
    0x08002e84   0x08002e84   0x00000028   Code   RO         2226    i.HRTIM_MasterBase_Config  stm32g4xx_hal_hrtim.o
    0x08002eac   0x08002eac   0x0000009e   Code   RO         2227    i.HRTIM_MasterWaveform_Config  stm32g4xx_hal_hrtim.o
    0x08002f4a   0x08002f4a   0x0000011a   Code   RO         2228    i.HRTIM_Master_ISR  stm32g4xx_hal_hrtim.o
    0x08003064   0x08003064   0x00000106   Code   RO         2229    i.HRTIM_OutputConfig  stm32g4xx_hal_hrtim.o
    0x0800316a   0x0800316a   0x000001ee   Code   RO         2231    i.HRTIM_Timer_ISR   stm32g4xx_hal_hrtim.o
    0x08003358   0x08003358   0x00000040   Code   RO         2232    i.HRTIM_TimingUnitBase_Config  stm32g4xx_hal_hrtim.o
    0x08003398   0x08003398   0x00000260   Code   RO         2234    i.HRTIM_TimingUnitWaveform_Config  stm32g4xx_hal_hrtim.o
    0x080035f8   0x080035f8   0x0000005a   Code   RO         2235    i.HRTIM_TimingUnitWaveform_Control  stm32g4xx_hal_hrtim.o
    0x08003652   0x08003652   0x00000004   Code   RO          448    i.HardFault_Handler  stm32g4xx_it.o
    0x08003656   0x08003656   0x00000028   Code   RO         3017    i.I2C_Flush_TXDR    stm32g4xx_hal_i2c.o
    0x0800367e   0x0800367e   0x00000002   PAD
    0x08003680   0x08003680   0x00000098   Code   RO         3025    i.I2C_IsAcknowledgeFailed  stm32g4xx_hal_i2c.o
    0x08003718   0x08003718   0x00000034   Code   RO         3032    i.I2C_TransferConfig  stm32g4xx_hal_i2c.o
    0x0800374c   0x0800374c   0x0000005e   Code   RO         3034    i.I2C_WaitOnFlagUntilTimeout  stm32g4xx_hal_i2c.o
    0x080037aa   0x080037aa   0x00000056   Code   RO         3036    i.I2C_WaitOnSTOPFlagUntilTimeout  stm32g4xx_hal_i2c.o
    0x08003800   0x08003800   0x0000005a   Code   RO         3037    i.I2C_WaitOnTXISFlagUntilTimeout  stm32g4xx_hal_i2c.o
    0x0800385a   0x0800385a   0x00000002   PAD
    0x0800385c   0x0800385c   0x000000ac   Code   RO          243    i.MX_FREERTOS_Init  app_freertos.o
    0x08003908   0x08003908   0x00000104   Code   RO          219    i.MX_GPIO_Init      gpio.o
    0x08003a0c   0x08003a0c   0x000001bc   Code   RO          316    i.MX_HRTIM1_Init    hrtim.o
    0x08003bc8   0x08003bc8   0x00000060   Code   RO          363    i.MX_I2C3_Init      i2c.o
    0x08003c28   0x08003c28   0x0000006c   Code   RO          405    i.MX_USART2_UART_Init  usart.o
    0x08003c94   0x08003c94   0x00000004   Code   RO          449    i.MemManage_Handler  stm32g4xx_it.o
    0x08003c98   0x08003c98   0x00000004   Code   RO          450    i.NMI_Handler       stm32g4xx_it.o
    0x08003c9c   0x08003c9c   0x00000028   Code   RO         4054    i.OLED_Clear        oled.o
    0x08003cc4   0x08003cc4   0x000000a8   Code   RO         4055    i.OLED_ClearArea    oled.o
    0x08003d6c   0x08003d6c   0x0000002c   Code   RO         4063    i.OLED_GPIO_Init    oled.o
    0x08003d98   0x08003d98   0x0000009a   Code   RO         4068    i.OLED_Init         oled.o
    0x08003e32   0x08003e32   0x00000022   Code   RO         4074    i.OLED_SetCursor    oled.o
    0x08003e54   0x08003e54   0x00000054   Code   RO         4076    i.OLED_ShowChar     oled.o
    0x08003ea8   0x08003ea8   0x0000012c   Code   RO         4080    i.OLED_ShowImage    oled.o
    0x08003fd4   0x08003fd4   0x0000002e   Code   RO         4083    i.OLED_ShowString   oled.o
    0x08004002   0x08004002   0x00000002   PAD
    0x08004004   0x08004004   0x00000028   Code   RO         4084    i.OLED_Update       oled.o
    0x0800402c   0x0800402c   0x00000024   Code   RO         4086    i.OLED_WriteCommand  oled.o
    0x08004050   0x08004050   0x00000048   Code   RO         4087    i.OLED_WriteData    oled.o
    0x08004098   0x08004098   0x00000068   Code   RO          794    i.RCC_GetSysClockFreqFromPLLSource  stm32g4xx_hal_rcc.o
    0x08004100   0x08004100   0x00000014   Code   RO          244    i.StartDefaultTask  app_freertos.o
    0x08004114   0x08004114   0x00000088   Code   RO          245    i.StartTask02       app_freertos.o
    0x0800419c   0x0800419c   0x00000038   Code   RO          246    i.StartTask03       app_freertos.o
    0x080041d4   0x080041d4   0x0000005c   Code   RO          247    i.StartTask04       app_freertos.o
    0x08004230   0x08004230   0x00000014   Code   RO          451    i.SysTick_Handler   stm32g4xx_it.o
    0x08004244   0x08004244   0x0000006c   Code   RO           14    i.SystemClock_Config  main.o
    0x080042b0   0x080042b0   0x00000014   Code   RO         4018    i.SystemInit        system_stm32g4xx.o
    0x080042c4   0x080042c4   0x00000058   Code   RO         3913    i.UARTEx_SetNbDataToProcess  stm32g4xx_hal_uart_ex.o
    0x0800431c   0x0800431c   0x000000f8   Code   RO         3518    i.UART_AdvFeatureConfig  stm32g4xx_hal_uart.o
    0x08004414   0x08004414   0x00000076   Code   RO         3519    i.UART_CheckIdleState  stm32g4xx_hal_uart.o
    0x0800448a   0x0800448a   0x00000018   Code   RO         3520    i.UART_DMAAbortOnError  stm32g4xx_hal_uart.o
    0x080044a2   0x080044a2   0x00000002   PAD
    0x080044a4   0x080044a4   0x0000003c   Code   RO         3530    i.UART_EndRxTransfer  stm32g4xx_hal_uart.o
    0x080044e0   0x080044e0   0x00000022   Code   RO         3531    i.UART_EndTransmit_IT  stm32g4xx_hal_uart.o
    0x08004502   0x08004502   0x00000092   Code   RO         3533    i.UART_RxISR_16BIT  stm32g4xx_hal_uart.o
    0x08004594   0x08004594   0x00000164   Code   RO         3534    i.UART_RxISR_16BIT_FIFOEN  stm32g4xx_hal_uart.o
    0x080046f8   0x080046f8   0x0000008e   Code   RO         3535    i.UART_RxISR_8BIT   stm32g4xx_hal_uart.o
    0x08004786   0x08004786   0x00000002   PAD
    0x08004788   0x08004788   0x00000164   Code   RO         3536    i.UART_RxISR_8BIT_FIFOEN  stm32g4xx_hal_uart.o
    0x080048ec   0x080048ec   0x000003cc   Code   RO         3537    i.UART_SetConfig    stm32g4xx_hal_uart.o
    0x08004cb8   0x08004cb8   0x00000110   Code   RO         3539    i.UART_Start_Receive_IT  stm32g4xx_hal_uart.o
    0x08004dc8   0x08004dc8   0x000000be   Code   RO         3544    i.UART_WaitOnFlagUntilTimeout  stm32g4xx_hal_uart.o
    0x08004e86   0x08004e86   0x00000002   PAD
    0x08004e88   0x08004e88   0x00000010   Code   RO          452    i.USART2_IRQHandler  stm32g4xx_it.o
    0x08004e98   0x08004e98   0x00000004   Code   RO          453    i.UsageFault_Handler  stm32g4xx_it.o
    0x08004e9c   0x08004e9c   0x00000020   Code   RO         6410    i.__0printf         mc_w.l(printfa.o)
    0x08004ebc   0x08004ebc   0x00000010   Code   RO         1969    i.__NVIC_GetPriorityGrouping  stm32g4xx_hal_cortex.o
    0x08004ecc   0x08004ecc   0x00000028   Code   RO         1970    i.__NVIC_SetPriority  stm32g4xx_hal_cortex.o
    0x08004ef4   0x08004ef4   0x00000006   Code   RO         5491    i.__get_IPSR        cmsis_os2.o
    0x08004efa   0x08004efa   0x0000000e   Code   RO         6572    i.__scatterload_copy  mc_w.l(handlers.o)
    0x08004f08   0x08004f08   0x00000002   Code   RO         6573    i.__scatterload_null  mc_w.l(handlers.o)
    0x08004f0a   0x08004f0a   0x0000000e   Code   RO         6574    i.__scatterload_zeroinit  mc_w.l(handlers.o)
    0x08004f18   0x08004f18   0x00000184   Code   RO         6417    i._fp_digits        mc_w.l(printfa.o)
    0x0800509c   0x0800509c   0x000006dc   Code   RO         6418    i._printf_core      mc_w.l(printfa.o)
    0x08005778   0x08005778   0x00000024   Code   RO         6419    i._printf_post_padding  mc_w.l(printfa.o)
    0x0800579c   0x0800579c   0x0000002e   Code   RO         6420    i._printf_pre_padding  mc_w.l(printfa.o)
    0x080057ca   0x080057ca   0x00000002   PAD
    0x080057cc   0x080057cc   0x00000018   Code   RO          248    i.fputc             app_freertos.o
    0x080057e4   0x080057e4   0x00000050   Code   RO         6438    i.free              mc_w.l(malloc.o)
    0x08005834   0x08005834   0x000000a4   Code   RO           15    i.main              main.o
    0x080058d8   0x080058d8   0x0000006c   Code   RO         6439    i.malloc            mc_w.l(malloc.o)
    0x08005944   0x08005944   0x0000001e   Code   RO         5492    i.osDelay           cmsis_os2.o
    0x08005962   0x08005962   0x00000002   PAD
    0x08005964   0x08005964   0x0000002c   Code   RO         5506    i.osKernelInitialize  cmsis_os2.o
    0x08005990   0x08005990   0x00000060   Code   RO         5509    i.osKernelStart     cmsis_os2.o
    0x080059f0   0x080059f0   0x0000009a   Code   RO         5526    i.osMessageQueueNew  cmsis_os2.o
    0x08005a8a   0x08005a8a   0x000000b8   Code   RO         5551    i.osThreadNew       cmsis_os2.o
    0x08005b42   0x08005b42   0x00000002   PAD
    0x08005b44   0x08005b44   0x00000028   Code   RO         4319    i.page_task         function.o
    0x08005b6c   0x08005b6c   0x0000007c   Code   RO         4930    i.prvAddCurrentTaskToDelayedList  tasks.o
    0x08005be8   0x08005be8   0x000000b8   Code   RO         4931    i.prvAddNewTaskToReadyList  tasks.o
    0x08005ca0   0x08005ca0   0x00000074   Code   RO         5306    i.prvCheckForValidListAndQueue  timers.o
    0x08005d14   0x08005d14   0x00000048   Code   RO         4932    i.prvCheckTasksWaitingTermination  tasks.o
    0x08005d5c   0x08005d5c   0x0000002a   Code   RO         4517    i.prvCopyDataFromQueue  queue.o
    0x08005d86   0x08005d86   0x0000007e   Code   RO         4518    i.prvCopyDataToQueue  queue.o
    0x08005e04   0x08005e04   0x00000050   Code   RO         4933    i.prvDeleteTCB      tasks.o
    0x08005e54   0x08005e54   0x00000028   Code   RO         5307    i.prvGetNextExpireTime  timers.o
    0x08005e7c   0x08005e7c   0x0000007c   Code   RO         6014    i.prvHeapInit       heap_4.o
    0x08005ef8   0x08005ef8   0x00000028   Code   RO         4934    i.prvIdleTask       tasks.o
    0x08005f20   0x08005f20   0x0000002a   Code   RO         4521    i.prvInitialiseNewQueue  queue.o
    0x08005f4a   0x08005f4a   0x000000be   Code   RO         4935    i.prvInitialiseNewTask  tasks.o
    0x08006008   0x08006008   0x00000068   Code   RO         4936    i.prvInitialiseTaskLists  tasks.o
    0x08006070   0x08006070   0x00000068   Code   RO         6015    i.prvInsertBlockIntoFreeList  heap_4.o
    0x080060d8   0x080060d8   0x00000058   Code   RO         5309    i.prvInsertTimerInActiveList  timers.o
    0x08006130   0x08006130   0x0000001a   Code   RO         4522    i.prvIsQueueEmpty   queue.o
    0x0800614a   0x0800614a   0x0000001e   Code   RO         4523    i.prvIsQueueFull    queue.o
    0x08006168   0x08006168   0x00000074   Code   RO         5310    i.prvProcessExpiredTimer  timers.o
    0x080061dc   0x080061dc   0x00000164   Code   RO         5311    i.prvProcessReceivedCommands  timers.o
    0x08006340   0x08006340   0x00000074   Code   RO         5312    i.prvProcessTimerOrBlockTask  timers.o
    0x080063b4   0x080063b4   0x00000034   Code   RO         4938    i.prvResetNextTaskUnblockTime  tasks.o
    0x080063e8   0x080063e8   0x0000002c   Code   RO         5313    i.prvSampleTimeNow  timers.o
    0x08006414   0x08006414   0x000000a4   Code   RO         5314    i.prvSwitchTimerLists  timers.o
    0x080064b8   0x080064b8   0x00000040   Code   RO         6070    i.prvTaskExitError  port.o
    0x080064f8   0x080064f8   0x0000001a   Code   RO         5315    i.prvTimerTask      timers.o
    0x08006512   0x08006512   0x0000007e   Code   RO         4524    i.prvUnlockQueue    queue.o
    0x08006590   0x08006590   0x0000014c   Code   RO         6016    i.pvPortMalloc      heap_4.o
    0x080066dc   0x080066dc   0x0000002c   Code   RO         6071    i.pxPortInitialiseStack  port.o
    0x08006708   0x08006708   0x00000028   Code   RO         4477    i.uxListRemove      list.o
    0x08006730   0x08006730   0x00000018   Code   RO         5563    i.vApplicationGetIdleTaskMemory  cmsis_os2.o
    0x08006748   0x08006748   0x00000018   Code   RO         5564    i.vApplicationGetTimerTaskMemory  cmsis_os2.o
    0x08006760   0x08006760   0x0000001a   Code   RO         4478    i.vListInitialise   list.o
    0x0800677a   0x0800677a   0x00000006   Code   RO         4479    i.vListInitialiseItem  list.o
    0x08006780   0x08006780   0x00000034   Code   RO         4480    i.vListInsert       list.o
    0x080067b4   0x080067b4   0x00000018   Code   RO         4481    i.vListInsertEnd    list.o
    0x080067cc   0x080067cc   0x00000054   Code   RO         6073    i.vPortEnterCritical  port.o
    0x08006820   0x08006820   0x0000003c   Code   RO         6074    i.vPortExitCritical  port.o
    0x0800685c   0x0800685c   0x000000a4   Code   RO         6017    i.vPortFree         heap_4.o
    0x08006900   0x08006900   0x00000028   Code   RO         6075    i.vPortSetupTimerInterrupt  port.o
    0x08006928   0x08006928   0x00000078   Code   RO         6076    i.vPortValidateInterruptPriority  port.o
    0x080069a0   0x080069a0   0x0000002c   Code   RO         4530    i.vQueueAddToRegistry  queue.o
    0x080069cc   0x080069cc   0x0000004a   Code   RO         4534    i.vQueueWaitForMessageRestricted  queue.o
    0x08006a16   0x08006a16   0x00000002   PAD
    0x08006a18   0x08006a18   0x0000005c   Code   RO         4951    i.vTaskDelay        tasks.o
    0x08006a74   0x08006a74   0x00000018   Code   RO         4956    i.vTaskInternalSetTimeOutState  tasks.o
    0x08006a8c   0x08006a8c   0x0000000c   Code   RO         4957    i.vTaskMissedYield  tasks.o
    0x08006a98   0x08006a98   0x00000038   Code   RO         4959    i.vTaskPlaceOnEventList  tasks.o
    0x08006ad0   0x08006ad0   0x00000040   Code   RO         4960    i.vTaskPlaceOnEventListRestricted  tasks.o
    0x08006b10   0x08006b10   0x000000b8   Code   RO         4968    i.vTaskStartScheduler  tasks.o
    0x08006bc8   0x08006bc8   0x00000010   Code   RO         4970    i.vTaskSuspendAll   tasks.o
    0x08006bd8   0x08006bd8   0x00000090   Code   RO         4971    i.vTaskSwitchContext  tasks.o
    0x08006c68   0x08006c68   0x00000168   Code   RO         6077    i.xPortStartScheduler  port.o
    0x08006dd0   0x08006dd0   0x00000034   Code   RO         6078    i.xPortSysTickHandler  port.o
    0x08006e04   0x08006e04   0x0000005a   Code   RO         4539    i.xQueueGenericCreate  queue.o
    0x08006e5e   0x08006e5e   0x000000e0   Code   RO         4540    i.xQueueGenericCreateStatic  queue.o
    0x08006f3e   0x08006f3e   0x00000002   PAD
    0x08006f40   0x08006f40   0x00000098   Code   RO         4541    i.xQueueGenericReset  queue.o
    0x08006fd8   0x08006fd8   0x000001a8   Code   RO         4542    i.xQueueGenericSend  queue.o
    0x08007180   0x08007180   0x000000fc   Code   RO         4543    i.xQueueGenericSendFromISR  queue.o
    0x0800727c   0x0800727c   0x00000168   Code   RO         4552    i.xQueueReceive     queue.o
    0x080073e4   0x080073e4   0x0000008c   Code   RO         4973    i.xTaskCheckForTimeOut  tasks.o
    0x08007470   0x08007470   0x00000064   Code   RO         4974    i.xTaskCreate       tasks.o
    0x080074d4   0x080074d4   0x000000ba   Code   RO         4975    i.xTaskCreateStatic  tasks.o
    0x0800758e   0x0800758e   0x00000002   PAD
    0x08007590   0x08007590   0x00000020   Code   RO         4979    i.xTaskGetSchedulerState  tasks.o
    0x080075b0   0x080075b0   0x0000000c   Code   RO         4980    i.xTaskGetTickCount  tasks.o
    0x080075bc   0x080075bc   0x00000144   Code   RO         4982    i.xTaskIncrementTick  tasks.o
    0x08007700   0x08007700   0x000000a4   Code   RO         4985    i.xTaskPriorityDisinherit  tasks.o
    0x080077a4   0x080077a4   0x00000098   Code   RO         4987    i.xTaskRemoveFromEventList  tasks.o
    0x0800783c   0x0800783c   0x00000104   Code   RO         4988    i.xTaskResumeAll    tasks.o
    0x08007940   0x08007940   0x00000078   Code   RO         5324    i.xTimerCreateTimerTask  timers.o
    0x080079b8   0x080079b8   0x00000084   Code   RO         5325    i.xTimerGenericCommand  timers.o
    0x08007a3c   0x08007a3c   0x000000c0   Data   RO          249    .constdata          app_freertos.o
    0x08007afc   0x08007afc   0x00000018   Data   RO         3545    .constdata          stm32g4xx_hal_uart.o
    0x08007b14   0x08007b14   0x00000010   Data   RO         3915    .constdata          stm32g4xx_hal_uart_ex.o
    0x08007b24   0x08007b24   0x00000018   Data   RO         4019    .constdata          system_stm32g4xx.o
    0x08007b3c   0x08007b3c   0x00000c3a   Data   RO         4304    .constdata          oled_data.o
    0x08008776   0x08008776   0x00000002   PAD
    0x08008778   0x08008778   0x00000051   Data   RO          250    .conststring        app_freertos.o
    0x080087c9   0x080087c9   0x00000003   PAD
    0x080087cc   0x080087cc   0x00000020   Data   RO         6570    Region$$Table       anon$$obj.o


    Execution Region RW_IRAM1 (Exec base: 0x20000000, Load base: 0x080087ec, Size: 0x00002568, Max: 0x00020000, ABSOLUTE)

    Exec Addr    Load Addr    Size         Type   Attr      Idx    E Section Name        Object

    0x20000000   0x080087ec   0x0000001f   Data   RW          251    .data               app_freertos.o
    0x2000001f   0x0800880b   0x00000001   PAD
    0x20000020   0x0800880c   0x0000000c   Data   RW          580    .data               stm32g4xx_hal.o
    0x2000002c   0x08008818   0x00000004   Data   RW         4020    .data               system_stm32g4xx.o
    0x20000030   0x0800881c   0x0000003c   Data   RW         4991    .data               tasks.o
    0x2000006c   0x08008858   0x00000014   Data   RW         5333    .data               timers.o
    0x20000080   0x0800886c   0x00000004   Data   RW         5566    .data               cmsis_os2.o
    0x20000084   0x08008870   0x00000020   Data   RW         6023    .data               heap_4.o
    0x200000a4   0x08008890   0x0000000c   Data   RW         6079    .data               port.o
    0x200000b0   0x0800889c   0x00000004   Data   RW         6537    .data               mc_w.l(stdout.o)
    0x200000b4   0x080088a0   0x00000004   Data   RW         6546    .data               mc_w.l(mvars.o)
    0x200000b8   0x080088a4   0x00000004   Data   RW         6547    .data               mc_w.l(mvars.o)
    0x200000bc        -       0x000000fc   Zero   RW          317    .bss                hrtim.o
    0x200001b8        -       0x0000004c   Zero   RW          364    .bss                i2c.o
    0x20000204        -       0x00000090   Zero   RW          406    .bss                usart.o
    0x20000294        -       0x00000400   Zero   RW         4089    .bss                oled.o
    0x20000694        -       0x00000040   Zero   RW         4556    .bss                queue.o
    0x200006d4        -       0x000004c4   Zero   RW         4990    .bss                tasks.o
    0x20000b98        -       0x00000118   Zero   RW         5332    .bss                timers.o
    0x20000cb0        -       0x000006b8   Zero   RW         5565    .bss                cmsis_os2.o
    0x20001368        -       0x00000c00   Zero   RW         6022    .bss                heap_4.o
    0x20001f68        -       0x00000200   Zero   RW            2    HEAP                startup_stm32g474xx.o
    0x20002168        -       0x00000400   Zero   RW            1    STACK               startup_stm32g474xx.o


==============================================================================

Image component sizes


      Code (inc. data)   RO Data    RW Data    ZI Data      Debug   Object Name

       500        144        273         31          0       7394   app_freertos.o
       562         38          0          4       1720      65705   cmsis_os2.o
         0          0          0          0          0      19508   event_groups.o
        40         16          0          0          0        540   function.o
       260         12          0          0          0       1035   gpio.o
       724         74          0         32       3072       4927   heap_4.o
       608         32          0          0        252       2739   hrtim.o
       304         26          0          0         76       1829   i2c.o
       148          0          0          0          0       3626   list.o
       278         28          0          0          0     935541   main.o
      1018         40          0          0       1024       7984   oled.o
         0          0       3130          0          0       1070   oled_data.o
      1014         92          0         12          0      11805   port.o
      2012         20          0          0         64      18566   queue.o
        36          8        472          0       1536        844   startup_stm32g474xx.o
       154         28          0         12          0       3733   stm32g4xx_hal.o
       310         22          0          0          0      34415   stm32g4xx_hal_cortex.o
       266          0          0          0          0       1795   stm32g4xx_hal_dma.o
       518         34          0          0          0       3632   stm32g4xx_hal_gpio.o
      4108         38          0          0          0      34797   stm32g4xx_hal_hrtim.o
      1062         16          0          0          0       8345   stm32g4xx_hal_i2c.o
       262         10          0          0          0       2658   stm32g4xx_hal_i2c_ex.o
        76          4          0          0          0        874   stm32g4xx_hal_msp.o
       300         18          0          0          0       1429   stm32g4xx_hal_pwr_ex.o
      2272        108          0          0          0       7028   stm32g4xx_hal_rcc.o
      1048         10          0          0          0       2004   stm32g4xx_hal_rcc_ex.o
      4136        122         24          0          0      36256   stm32g4xx_hal_uart.o
       360         10         16          0          0       5506   stm32g4xx_hal_uart_ex.o
        74         10          0          0          0       4404   stm32g4xx_it.o
         0          0          0          0          0        392   stream_buffer.o
        20          6         24          4          0       1159   system_stm32g4xx.o
      2808        346          0         60       1220      27702   tasks.o
      1318        124          0         20        280      30547   timers.o
       272         24          0          0        144       1826   usart.o

    ----------------------------------------------------------------------
     26906       1460       3976        176       9388    1291615   Object Totals
         0          0         32          0          0          0   (incl. Generated)
        38          0          5          1          0          0   (incl. Padding)

    ----------------------------------------------------------------------

      Code (inc. data)   RO Data    RW Data    ZI Data      Debug   Library Member Name

         0          0          0          0          0          0   entry.o
         0          0          0          0          0          0   entry10a.o
         0          0          0          0          0          0   entry11a.o
         8          4          0          0          0          0   entry2.o
         4          0          0          0          0          0   entry5.o
         0          0          0          0          0          0   entry7b.o
         0          0          0          0          0          0   entry8b.o
         8          4          0          0          0          0   entry9a.o
        30          0          0          0          0          0   handlers.o
        36          8          0          0          0         68   init.o
         0          0          0          0          0          0   iusefp.o
        30          0          0          0          0         68   llshl.o
        36          0          0          0          0         68   llsshr.o
        32          0          0          0          0         68   llushr.o
       188         20          0          0          0        160   malloc.o
        36          0          0          0          0         68   memcpya.o
        36          0          0          0          0        108   memseta.o
         0          0          0          8          0          0   mvars.o
      2258         90          0          0          0        452   printfa.o
         0          0          0          4          0          0   stdout.o
        44          0          0          0          0         80   uidiv.o
        98          0          0          0          0         92   uldiv.o
        48          0          0          0          0         68   cdrcmple.o
       334          0          0          0          0        148   dadd.o
       222          0          0          0          0        100   ddiv.o
       186          0          0          0          0        176   depilogue.o
        48          0          0          0          0         68   dfixul.o
       228          0          0          0          0         96   dmul.o

    ----------------------------------------------------------------------
      3914        126          0         12          0       1888   Library Totals
         4          0          0          0          0          0   (incl. Padding)

    ----------------------------------------------------------------------

      Code (inc. data)   RO Data    RW Data    ZI Data      Debug   Library Name

      2844        126          0         12          0       1232   mc_w.l
      1066          0          0          0          0        656   mf_w.l

    ----------------------------------------------------------------------
      3914        126          0         12          0       1888   Library Totals

    ----------------------------------------------------------------------

==============================================================================


      Code (inc. data)   RO Data    RW Data    ZI Data      Debug   

     30820       1586       3976        188       9388    1270819   Grand Totals
     30820       1586       3976        188       9388    1270819   ELF Image Totals
     30820       1586       3976        188          0          0   ROM Totals

==============================================================================

    Total RO  Size (Code + RO Data)                34796 (  33.98kB)
    Total RW  Size (RW Data + ZI Data)              9576 (   9.35kB)
    Total ROM Size (Code + RO Data + RW Data)      34984 (  34.16kB)

==============================================================================

